Archive member included to satisfy reference by file (symbol)

d:/program files (x86)/arm gnu toolchain arm-none-eabi/11.3 rel1/bin/../lib/gcc/arm-none-eabi/11.3.1/thumb/v7e-m+fp/hard\libc_nano.a(libc_a-exit.o)
                              d:/program files (x86)/arm gnu toolchain arm-none-eabi/11.3 rel1/bin/../lib/gcc/arm-none-eabi/11.3.1/thumb/v7e-m+fp/hard/crt0.o (exit)
d:/program files (x86)/arm gnu toolchain arm-none-eabi/11.3 rel1/bin/../lib/gcc/arm-none-eabi/11.3.1/thumb/v7e-m+fp/hard\libc_nano.a(libc_a-findfp.o)
                              d:/program files (x86)/arm gnu toolchain arm-none-eabi/11.3 rel1/bin/../lib/gcc/arm-none-eabi/11.3.1/thumb/v7e-m+fp/hard\libc_nano.a(libc_a-exit.o) (__stdio_exit_handler)
d:/program files (x86)/arm gnu toolchain arm-none-eabi/11.3 rel1/bin/../lib/gcc/arm-none-eabi/11.3.1/thumb/v7e-m+fp/hard\libc_nano.a(libc_a-fwalk.o)
                              d:/program files (x86)/arm gnu toolchain arm-none-eabi/11.3 rel1/bin/../lib/gcc/arm-none-eabi/11.3.1/thumb/v7e-m+fp/hard\libc_nano.a(libc_a-findfp.o) (_fwalk_sglue)
d:/program files (x86)/arm gnu toolchain arm-none-eabi/11.3 rel1/bin/../lib/gcc/arm-none-eabi/11.3.1/thumb/v7e-m+fp/hard\libc_nano.a(libc_a-stdio.o)
                              d:/program files (x86)/arm gnu toolchain arm-none-eabi/11.3 rel1/bin/../lib/gcc/arm-none-eabi/11.3.1/thumb/v7e-m+fp/hard\libc_nano.a(libc_a-findfp.o) (__sread)
d:/program files (x86)/arm gnu toolchain arm-none-eabi/11.3 rel1/bin/../lib/gcc/arm-none-eabi/11.3.1/thumb/v7e-m+fp/hard\libc_nano.a(libc_a-memset.o)
                              d:/program files (x86)/arm gnu toolchain arm-none-eabi/11.3 rel1/bin/../lib/gcc/arm-none-eabi/11.3.1/thumb/v7e-m+fp/hard/crt0.o (memset)
d:/program files (x86)/arm gnu toolchain arm-none-eabi/11.3 rel1/bin/../lib/gcc/arm-none-eabi/11.3.1/thumb/v7e-m+fp/hard\libc_nano.a(libc_a-closer.o)
                              d:/program files (x86)/arm gnu toolchain arm-none-eabi/11.3 rel1/bin/../lib/gcc/arm-none-eabi/11.3.1/thumb/v7e-m+fp/hard\libc_nano.a(libc_a-stdio.o) (_close_r)
d:/program files (x86)/arm gnu toolchain arm-none-eabi/11.3 rel1/bin/../lib/gcc/arm-none-eabi/11.3.1/thumb/v7e-m+fp/hard\libc_nano.a(libc_a-reent.o)
                              d:/program files (x86)/arm gnu toolchain arm-none-eabi/11.3 rel1/bin/../lib/gcc/arm-none-eabi/11.3.1/thumb/v7e-m+fp/hard\libc_nano.a(libc_a-closer.o) (errno)
d:/program files (x86)/arm gnu toolchain arm-none-eabi/11.3 rel1/bin/../lib/gcc/arm-none-eabi/11.3.1/thumb/v7e-m+fp/hard\libc_nano.a(libc_a-impure.o)
                              d:/program files (x86)/arm gnu toolchain arm-none-eabi/11.3 rel1/bin/../lib/gcc/arm-none-eabi/11.3.1/thumb/v7e-m+fp/hard\libc_nano.a(libc_a-reent.o) (_impure_ptr)
d:/program files (x86)/arm gnu toolchain arm-none-eabi/11.3 rel1/bin/../lib/gcc/arm-none-eabi/11.3.1/thumb/v7e-m+fp/hard\libc_nano.a(libc_a-lseekr.o)
                              d:/program files (x86)/arm gnu toolchain arm-none-eabi/11.3 rel1/bin/../lib/gcc/arm-none-eabi/11.3.1/thumb/v7e-m+fp/hard\libc_nano.a(libc_a-stdio.o) (_lseek_r)
d:/program files (x86)/arm gnu toolchain arm-none-eabi/11.3 rel1/bin/../lib/gcc/arm-none-eabi/11.3.1/thumb/v7e-m+fp/hard\libc_nano.a(libc_a-readr.o)
                              d:/program files (x86)/arm gnu toolchain arm-none-eabi/11.3 rel1/bin/../lib/gcc/arm-none-eabi/11.3.1/thumb/v7e-m+fp/hard\libc_nano.a(libc_a-stdio.o) (_read_r)
d:/program files (x86)/arm gnu toolchain arm-none-eabi/11.3 rel1/bin/../lib/gcc/arm-none-eabi/11.3.1/thumb/v7e-m+fp/hard\libc_nano.a(libc_a-writer.o)
                              d:/program files (x86)/arm gnu toolchain arm-none-eabi/11.3 rel1/bin/../lib/gcc/arm-none-eabi/11.3.1/thumb/v7e-m+fp/hard\libc_nano.a(libc_a-stdio.o) (_write_r)
d:/program files (x86)/arm gnu toolchain arm-none-eabi/11.3 rel1/bin/../lib/gcc/arm-none-eabi/11.3.1/thumb/v7e-m+fp/hard\libc_nano.a(libc_a-init.o)
                              d:/program files (x86)/arm gnu toolchain arm-none-eabi/11.3 rel1/bin/../lib/gcc/arm-none-eabi/11.3.1/thumb/v7e-m+fp/hard/crt0.o (__libc_init_array)
d:/program files (x86)/arm gnu toolchain arm-none-eabi/11.3 rel1/bin/../lib/gcc/arm-none-eabi/11.3.1/thumb/v7e-m+fp/hard\libc_nano.a(libc_a-lock.o)
                              d:/program files (x86)/arm gnu toolchain arm-none-eabi/11.3 rel1/bin/../lib/gcc/arm-none-eabi/11.3.1/thumb/v7e-m+fp/hard\libc_nano.a(libc_a-findfp.o) (__retarget_lock_init_recursive)
d:/program files (x86)/arm gnu toolchain arm-none-eabi/11.3 rel1/bin/../lib/gcc/arm-none-eabi/11.3.1/thumb/v7e-m+fp/hard\libc_nano.a(libc_a-freer.o)
                              d:/program files (x86)/arm gnu toolchain arm-none-eabi/11.3 rel1/bin/../lib/gcc/arm-none-eabi/11.3.1/thumb/v7e-m+fp/hard\libc_nano.a(libc_a-reent.o) (_free_r)
d:/program files (x86)/arm gnu toolchain arm-none-eabi/11.3 rel1/bin/../lib/gcc/arm-none-eabi/11.3.1/thumb/v7e-m+fp/hard\libc_nano.a(libc_a-mallocr.o)
[...]
Memory Configuration

Name             Origin             Length             Attributes
RAM              0x20000000         0x00020000         xrw
FLASH            0x08000000         0x00080000         xr
*default*        0x00000000         0xffffffff

Linker script and memory map

LOAD d:/program files (x86)/arm gnu toolchain arm-none-eabi/11.3 rel1/bin/../lib/gcc/arm-none-eabi/11.3.1/thumb/v7e-m+fp/hard/crti.o
LOAD d:/program files (x86)/arm gnu toolchain arm-none-eabi/11.3 rel1/bin/../lib/gcc/arm-none-eabi/11.3.1/thumb/v7e-m+fp/hard/crtbegin.o
LOAD d:/program files (x86)/arm gnu toolchain arm-none-eabi/11.3 rel1/bin/../lib/gcc/arm-none-eabi/11.3.1/thumb/v7e-m+fp/hard/crt0.o
START GROUP
LOAD d:/program files (x86)/arm gnu toolchain arm-none-eabi/11.3 rel1/bin/../lib/gcc/arm-none-eabi/11.3.1/thumb/v7e-m+fp/hard\libc_nano.a
LOAD d:/program files (x86)/arm gnu toolchain arm-none-eabi/11.3 rel1/bin/../lib/gcc/arm-none-eabi/11.3.1/thumb/v7e-m+fp/hard\libm.a
END GROUP
LOAD CMakeFiles/F411_Cmake.dir/Core/Src/main.c.obj
LOAD CMakeFiles/F411_Cmake.dir/Core/Src/gpio.c.obj
LOAD CMakeFiles/F411_Cmake.dir/Core/Src/dma.c.obj
LOAD CMakeFiles/F411_Cmake.dir/Core/Src/usart.c.obj
LOAD CMakeFiles/F411_Cmake.dir/Core/Src/stm32f4xx_it.c.obj
LOAD CMakeFiles/F411_Cmake.dir/Core/Src/stm32f4xx_hal_msp.c.obj
LOAD CMakeFiles/F411_Cmake.dir/USB_DEVICE/App/usb_device.c.obj
LOAD CMakeFiles/F411_Cmake.dir/USB_DEVICE/App/usbd_desc.c.obj
LOAD CMakeFiles/F411_Cmake.dir/USB_DEVICE/App/usbd_cdc_if.c.obj
LOAD CMakeFiles/F411_Cmake.dir/USB_DEVICE/Target/usbd_conf.c.obj
LOAD CMakeFiles/F411_Cmake.dir/Drivers/STM32F4xx_HAL_Driver/Src/stm32f4xx_hal_pcd.c.obj
LOAD CMakeFiles/F411_Cmake.dir/Drivers/STM32F4xx_HAL_Driver/Src/stm32f4xx_hal_pcd_ex.c.obj
LOAD CMakeFiles/F411_Cmake.dir/Drivers/STM32F4xx_HAL_Driver/Src/stm32f4xx_ll_usb.c.obj
LOAD CMakeFiles/F411_Cmake.dir/Drivers/STM32F4xx_HAL_Driver/Src/stm32f4xx_hal_rcc.c.obj
LOAD CMakeFiles/F411_Cmake.dir/Drivers/STM32F4xx_HAL_Driver/Src/stm32f4xx_hal_rcc_ex.c.obj
LOAD CMakeFiles/F411_Cmake.dir/Drivers/STM32F4xx_HAL_Driver/Src/stm32f4xx_hal_flash.c.obj
LOAD CMakeFiles/F411_Cmake.dir/Drivers/STM32F4xx_HAL_Driver/Src/stm32f4xx_hal_flash_ex.c.obj
LOAD CMakeFiles/F411_Cmake.dir/Drivers/STM32F4xx_HAL_Driver/Src/stm32f4xx_hal_flash_ramfunc.c.obj
LOAD CMakeFiles/F411_Cmake.dir/Drivers/STM32F4xx_HAL_Driver/Src/stm32f4xx_hal_gpio.c.obj
LOAD CMakeFiles/F411_Cmake.dir/Drivers/STM32F4xx_HAL_Driver/Src/stm32f4xx_hal_dma_ex.c.obj
LOAD CMakeFiles/F411_Cmake.dir/Drivers/STM32F4xx_HAL_Driver/Src/stm32f4xx_hal_dma.c.obj
LOAD CMakeFiles/F411_Cmake.dir/Drivers/STM32F4xx_HAL_Driver/Src/stm32f4xx_hal_pwr.c.obj
LOAD CMakeFiles/F411_Cmake.dir/Drivers/STM32F4xx_HAL_Driver/Src/stm32f4xx_hal_pwr_ex.c.obj
LOAD CMakeFiles/F411_Cmake.dir/Drivers/STM32F4xx_HAL_Driver/Src/stm32f4xx_hal_cortex.c.obj
LOAD CMakeFiles/F411_Cmake.dir/Drivers/STM32F4xx_HAL_Driver/Src/stm32f4xx_hal.c.obj
LOAD CMakeFiles/F411_Cmake.dir/Drivers/STM32F4xx_HAL_Driver/Src/stm32f4xx_hal_exti.c.obj
LOAD CMakeFiles/F411_Cmake.dir/Drivers/STM32F4xx_HAL_Driver/Src/stm32f4xx_hal_uart.c.obj
LOAD CMakeFiles/F411_Cmake.dir/Core/Src/system_stm32f4xx.c.obj
LOAD CMakeFiles/F411_Cmake.dir/Middlewares/ST/STM32_USB_Device_Library/Core/Src/usbd_core.c.obj
LOAD CMakeFiles/F411_Cmake.dir/Middlewares/ST/STM32_USB_Device_Library/Core/Src/usbd_ctlreq.c.obj
LOAD CMakeFiles/F411_Cmake.dir/Middlewares/ST/STM32_USB_Device_Library/Core/Src/usbd_ioreq.c.obj
LOAD CMakeFiles/F411_Cmake.dir/Middlewares/ST/STM32_USB_Device_Library/Class/CDC/Src/usbd_cdc.c.obj
LOAD CMakeFiles/F411_Cmake.dir/Core/Src/sysmem.c.obj
LOAD CMakeFiles/F411_Cmake.dir/Core/Src/syscalls.c.obj
LOAD CMakeFiles/F411_Cmake.dir/startup_stm32f411xe.s.obj
LOAD CMakeFiles/F411_Cmake.dir/APP/src/ring_buffer.c.obj
START GROUP
LOAD d:/program files (x86)/arm gnu toolchain arm-none-eabi/11.3 rel1/bin/../lib/gcc/arm-none-eabi/11.3.1/thumb/v7e-m+fp/hard\libgcc.a
LOAD d:/program files (x86)/arm gnu toolchain arm-none-eabi/11.3 rel1/bin/../lib/gcc/arm-none-eabi/11.3.1/thumb/v7e-m+fp/hard\libg_nano.a
LOAD d:/program files (x86)/arm gnu toolchain arm-none-eabi/11.3 rel1/bin/../lib/gcc/arm-none-eabi/11.3.1/thumb/v7e-m+fp/hard\libc_nano.a
END GROUP
START GROUP
LOAD d:/program files (x86)/arm gnu toolchain arm-none-eabi/11.3 rel1/bin/../lib/gcc/arm-none-eabi/11.3.1/thumb/v7e-m+fp/hard\libgcc.a
LOAD d:/program files (x86)/arm gnu toolchain arm-none-eabi/11.3 rel1/bin/../lib/gcc/arm-none-eabi/11.3.1/thumb/v7e-m+fp/hard\libc_nano.a
END GROUP
LOAD d:/program files (x86)/arm gnu toolchain arm-none-eabi/11.3 rel1/bin/../lib/gcc/arm-none-eabi/11.3.1/thumb/v7e-m+fp/hard/crtend.o
LOAD d:/program files (x86)/arm gnu toolchain arm-none-eabi/11.3 rel1/bin/../lib/gcc/arm-none-eabi/11.3.1/thumb/v7e-m+fp/hard/crtn.o
                0x20020000                _estack = (ORIGIN (RAM) + LENGTH (RAM))
                0x00000200                _Min_Heap_Size = 0x200
                0x00000400                _Min_Stack_Size = 0x400

.isr_vector     0x08000000      0x198
                0x08000000                . = ALIGN (0x4)
 *(.isr_vector)
 .isr_vector    0x08000000      0x198 CMakeFiles/F411_Cmake.dir/startup_stm32f411xe.s.obj
                0x08000000                g_pfnVectors
                0x08000198                . = ALIGN (0x4)

.text           0x08000198     0x886c
                0x08000198                . = ALIGN (0x4)
 *(.text)
 .text          0x08000198       0x30 d:/program files (x86)/arm gnu toolchain arm-none-eabi/11.3 rel1/bin/../lib/gcc/arm-none-eabi/11.3.1/thumb/v7e-m+fp/hard\libgcc.a(_aeabi_uldivmod.o)
                0x08000198                __aeabi_uldivmod
 .text          0x080001c8        0x4 d:/program files (x86)/arm gnu toolchain arm-none-eabi/11.3 rel1/bin/../lib/gcc/arm-none-eabi/11.3.1/thumb/v7e-m+fp/hard\libgcc.a(_dvmd_tls.o)
                0x080001c8                __aeabi_idiv0
                0x080001c8                __aeabi_ldiv0
 *(.text*)
 .text.deregister_tm_clones
                0x080001cc       0x1c d:/program files (x86)/arm gnu toolchain arm-none-eabi/11.3 rel1/bin/../lib/gcc/arm-none-eabi/11.3.1/thumb/v7e-m+fp/hard/crtbegin.o
 .text.register_tm_clones
                0x080001e8       0x24 d:/program files (x86)/arm gnu toolchain arm-none-eabi/11.3 rel1/bin/../lib/gcc/arm-none-eabi/11.3.1/thumb/v7e-m+fp/hard/crtbegin.o
 .text.__do_global_dtors_aux
                0x0800020c       0x28 d:/program files (x86)/arm gnu toolchain arm-none-eabi/11.3 rel1/bin/../lib/gcc/arm-none-eabi/11.3.1/thumb/v7e-m+fp/hard/crtbegin.o
 .text.frame_dummy
                0x08000234       0x24 d:/program files (x86)/arm gnu toolchain arm-none-eabi/11.3 rel1/bin/../lib/gcc/arm-none-eabi/11.3.1/thumb/v7e-m+fp/hard/crtbegin.o
 .text.memset   0x08000258       0x10 d:/program files (x86)/arm gnu toolchain arm-none-eabi/11.3 rel1/bin/../lib/gcc/arm-none-eabi/11.3.1/thumb/v7e-m+fp/hard\libc_nano.a(libc_a-memset.o)
                0x08000258                memset
 .text.__libc_init_array
                0x08000268       0x48 d:/program files (x86)/arm gnu toolchain arm-none-eabi/11.3 rel1/bin/../lib/gcc/arm-none-eabi/11.3.1/thumb/v7e-m+fp/hard\libc_nano.a(libc_a-init.o)
                0x08000268                __libc_init_array
 .text.HAL_UART_RxCpltCallback
                0x080002b0       0x40 CMakeFiles/F411_Cmake.dir/Core/Src/main.c.obj
                0x080002b0                HAL_UART_RxCpltCallback
 .text.HAL_UART_TxCpltCallback
                0x080002f0       0x1c CMakeFiles/F411_Cmake.dir/Core/Src/main.c.obj
                0x080002f0                HAL_UART_TxCpltCallback
 .text.main     0x0800030c       0xac CMakeFiles/F411_Cmake.dir/Core/Src/main.c.obj
                0x0800030c                main
 .text.SystemClock_Config
                0x080003b8       0xd0 CMakeFiles/F411_Cmake.dir/Core/Src/main.c.obj
                0x080003b8                SystemClock_Config
 .text.Error_Handler
                0x08000488        0xa CMakeFiles/F411_Cmake.dir/Core/Src/main.c.obj
                0x08000488                Error_Handler
 *fill*         0x08000492        0x2 
 .text.MX_GPIO_Init
                0x08000494       0xa4 CMakeFiles/F411_Cmake.dir/Core/Src/gpio.c.obj
                0x08000494                MX_GPIO_Init
 .text.MX_DMA_Init
                0x08000538       0x40 CMakeFiles/F411_Cmake.dir/Core/Src/dma.c.obj
                0x08000538                MX_DMA_Init
 .text.MX_USART1_UART_Init
                0x08000578       0x54 CMakeFiles/F411_Cmake.dir/Core/Src/usart.c.obj
                0x08000578                MX_USART1_UART_Init
 .text.HAL_UART_MspInit
                0x080005cc      0x104 CMakeFiles/F411_Cmake.dir/Core/Src/usart.c.obj
                0x080005cc                HAL_UART_MspInit
 .text.NMI_Handler
                0x080006d0        0x6 CMakeFiles/F411_Cmake.dir/Core/Src/stm32f4xx_it.c.obj
                0x080006d0                NMI_Handler
 .text.HardFault_Handler
                0x080006d6        0x6 CMakeFiles/F411_Cmake.dir/Core/Src/stm32f4xx_it.c.obj
                0x080006d6                HardFault_Handler
 .text.MemManage_Handler
                0x080006dc        0x6 CMakeFiles/F411_Cmake.dir/Core/Src/stm32f4xx_it.c.obj
                0x080006dc                MemManage_Handler
 .text.BusFault_Handler
                0x080006e2        0x6 CMakeFiles/F411_Cmake.dir/Core/Src/stm32f4xx_it.c.obj
                0x080006e2                BusFault_Handler
 .text.UsageFault_Handler
                0x080006e8        0x6 CMakeFiles/F411_Cmake.dir/Core/Src/stm32f4xx_it.c.obj
                0x080006e8                UsageFault_Handler
 .text.SVC_Handler
                0x080006ee        0xe CMakeFiles/F411_Cmake.dir/Core/Src/stm32f4xx_it.c.obj
                0x080006ee                SVC_Handler
 .text.DebugMon_Handler
                0x080006fc        0xe CMakeFiles/F411_Cmake.dir/Core/Src/stm32f4xx_it.c.obj
                0x080006fc                DebugMon_Handler
 .text.PendSV_Handler
                0x0800070a        0xe CMakeFiles/F411_Cmake.dir/Core/Src/stm32f4xx_it.c.obj
                0x0800070a                PendSV_Handler
 .text.SysTick_Handler
                0x08000718        0xc CMakeFiles/F411_Cmake.dir/Core/Src/stm32f4xx_it.c.obj
                0x08000718                SysTick_Handler
 .text.USART1_IRQHandler
                0x08000724       0x14 CMakeFiles/F411_Cmake.dir/Core/Src/stm32f4xx_it.c.obj
                0x08000724                USART1_IRQHandler
 .text.OTG_FS_IRQHandler
                0x08000738       0x14 CMakeFiles/F411_Cmake.dir/Core/Src/stm32f4xx_it.c.obj
                0x08000738                OTG_FS_IRQHandler
 .text.DMA2_Stream7_IRQHandler
                0x0800074c       0x14 CMakeFiles/F411_Cmake.dir/Core/Src/stm32f4xx_it.c.obj
                0x0800074c                DMA2_Stream7_IRQHandler
 .text.HAL_MspInit
                0x08000760       0x50 CMakeFiles/F411_Cmake.dir/Core/Src/stm32f4xx_hal_msp.c.obj
                0x08000760                HAL_MspInit
 .text.MX_USB_DEVICE_Init
                0x080007b0       0x60 CMakeFiles/F411_Cmake.dir/USB_DEVICE/App/usb_device.c.obj
                0x080007b0                MX_USB_DEVICE_Init
 .text.USBD_FS_DeviceDescriptor
                0x08000810       0x24 CMakeFiles/F411_Cmake.dir/USB_DEVICE/App/usbd_desc.c.obj
                0x08000810                USBD_FS_DeviceDescriptor
 .text.USBD_FS_LangIDStrDescriptor
                0x08000834       0x24 CMakeFiles/F411_Cmake.dir/USB_DEVICE/App/usbd_desc.c.obj
                0x08000834                USBD_FS_LangIDStrDescriptor
 .text.USBD_FS_ProductStrDescriptor
                0x08000858       0x3c CMakeFiles/F411_Cmake.dir/USB_DEVICE/App/usbd_desc.c.obj
                0x08000858                USBD_FS_ProductStrDescriptor
 .text.USBD_FS_ManufacturerStrDescriptor
                0x08000894       0x28 CMakeFiles/F411_Cmake.dir/USB_DEVICE/App/usbd_desc.c.obj
                0x08000894                USBD_FS_ManufacturerStrDescriptor
 .text.USBD_FS_SerialStrDescriptor
                0x080008bc       0x24 CMakeFiles/F411_Cmake.dir/USB_DEVICE/App/usbd_desc.c.obj
                0x080008bc                USBD_FS_SerialStrDescriptor
 .text.USBD_FS_ConfigStrDescriptor
                0x080008e0       0x3c CMakeFiles/F411_Cmake.dir/USB_DEVICE/App/usbd_desc.c.obj
                0x080008e0                USBD_FS_ConfigStrDescriptor
 .text.USBD_FS_InterfaceStrDescriptor
                0x0800091c       0x3c CMakeFiles/F411_Cmake.dir/USB_DEVICE/App/usbd_desc.c.obj
                0x0800091c                USBD_FS_InterfaceStrDescriptor
 .text.Get_SerialNum
                0x08000958       0x58 CMakeFiles/F411_Cmake.dir/USB_DEVICE/App/usbd_desc.c.obj
 .text.IntToUnicode
                0x080009b0       0x7e CMakeFiles/F411_Cmake.dir/USB_DEVICE/App/usbd_desc.c.obj
 *fill*         0x08000a2e        0x2 
 .text.CDC_Init_FS
                0x08000a30       0x28 CMakeFiles/F411_Cmake.dir/USB_DEVICE/App/usbd_cdc_if.c.obj
 .text.CDC_DeInit_FS
                0x08000a58       0x10 CMakeFiles/F411_Cmake.dir/USB_DEVICE/App/usbd_cdc_if.c.obj
 .text.CDC_Control_FS
                0x08000a68       0xbc CMakeFiles/F411_Cmake.dir/USB_DEVICE/App/usbd_cdc_if.c.obj
 .text.CDC_Receive_FS
                0x08000b24       0x28 CMakeFiles/F411_Cmake.dir/USB_DEVICE/App/usbd_cdc_if.c.obj
 .text.CDC_Transmit_FS
                0x08000b4c       0x4c CMakeFiles/F411_Cmake.dir/USB_DEVICE/App/usbd_cdc_if.c.obj
                0x08000b4c                CDC_Transmit_FS
 .text.CDC_TransmitCplt_FS
                0x08000b98       0x2c CMakeFiles/F411_Cmake.dir/USB_DEVICE/App/usbd_cdc_if.c.obj
 .text.HAL_PCD_MspInit
                0x08000bc4       0xa8 CMakeFiles/F411_Cmake.dir/USB_DEVICE/Target/usbd_conf.c.obj
                0x08000bc4                HAL_PCD_MspInit
 .text.HAL_PCD_SetupStageCallback
                0x08000c6c       0x24 CMakeFiles/F411_Cmake.dir/USB_DEVICE/Target/usbd_conf.c.obj
                0x08000c6c                HAL_PCD_SetupStageCallback
 .text.HAL_PCD_DataOutStageCallback
                0x08000c90       0x36 CMakeFiles/F411_Cmake.dir/USB_DEVICE/Target/usbd_conf.c.obj
                0x08000c90                HAL_PCD_DataOutStageCallback
 .text.HAL_PCD_DataInStageCallback
                0x08000cc6       0x34 CMakeFiles/F411_Cmake.dir/USB_DEVICE/Target/usbd_conf.c.obj
                0x08000cc6                HAL_PCD_DataInStageCallback
 .text.HAL_PCD_SOFCallback
                0x08000cfa       0x1c CMakeFiles/F411_Cmake.dir/USB_DEVICE/Target/usbd_conf.c.obj
                0x08000cfa                HAL_PCD_SOFCallback
 .text.HAL_PCD_ResetCallback
                0x08000d16       0x3c CMakeFiles/F411_Cmake.dir/USB_DEVICE/Target/usbd_conf.c.obj
                0x08000d16                HAL_PCD_ResetCallback
 *fill*         0x08000d52        0x2 
 .text.HAL_PCD_SuspendCallback
                0x08000d54       0x4c CMakeFiles/F411_Cmake.dir/USB_DEVICE/Target/usbd_conf.c.obj
                0x08000d54                HAL_PCD_SuspendCallback
 .text.HAL_PCD_ResumeCallback
                0x08000da0       0x1c CMakeFiles/F411_Cmake.dir/USB_DEVICE/Target/usbd_conf.c.obj
                0x08000da0                HAL_PCD_ResumeCallback
 .text.HAL_PCD_ISOOUTIncompleteCallback
                0x08000dbc       0x24 CMakeFiles/F411_Cmake.dir/USB_DEVICE/Target/usbd_conf.c.obj
                0x08000dbc                HAL_PCD_ISOOUTIncompleteCallback
 .text.HAL_PCD_ISOINIncompleteCallback
                0x08000de0       0x24 CMakeFiles/F411_Cmake.dir/USB_DEVICE/Target/usbd_conf.c.obj
                0x08000de0                HAL_PCD_ISOINIncompleteCallback
 .text.HAL_PCD_ConnectCallback
                0x08000e04       0x1c CMakeFiles/F411_Cmake.dir/USB_DEVICE/Target/usbd_conf.c.obj
                0x08000e04                HAL_PCD_ConnectCallback
 .text.HAL_PCD_DisconnectCallback
                0x08000e20       0x1c CMakeFiles/F411_Cmake.dir/USB_DEVICE/Target/usbd_conf.c.obj
                0x08000e20                HAL_PCD_DisconnectCallback
 .text.USBD_LL_Init
                0x08000e3c       0x98 CMakeFiles/F411_Cmake.dir/USB_DEVICE/Target/usbd_conf.c.obj
                0x08000e3c                USBD_LL_Init
 .text.USBD_LL_Start
                0x08000ed4       0x36 CMakeFiles/F411_Cmake.dir/USB_DEVICE/Target/usbd_conf.c.obj
                0x08000ed4                USBD_LL_Start
 .text.USBD_LL_OpenEP
                0x08000f0a       0x4c CMakeFiles/F411_Cmake.dir/USB_DEVICE/Target/usbd_conf.c.obj
                0x08000f0a                USBD_LL_OpenEP
 .text.USBD_LL_CloseEP
                0x08000f56       0x3e CMakeFiles/F411_Cmake.dir/USB_DEVICE/Target/usbd_conf.c.obj
                0x08000f56                USBD_LL_CloseEP
 .text.USBD_LL_StallEP
                0x08000f94       0x3e CMakeFiles/F411_Cmake.dir/USB_DEVICE/Target/usbd_conf.c.obj
                0x08000f94                USBD_LL_StallEP
 .text.USBD_LL_ClearStallEP
                0x08000fd2       0x3e CMakeFiles/F411_Cmake.dir/USB_DEVICE/Target/usbd_conf.c.obj
                0x08000fd2                USBD_LL_ClearStallEP
 .text.USBD_LL_IsStallEP
                0x08001010       0x58 CMakeFiles/F411_Cmake.dir/USB_DEVICE/Target/usbd_conf.c.obj
                0x08001010                USBD_LL_IsStallEP
 .text.USBD_LL_SetUSBAddress
                0x08001068       0x3e CMakeFiles/F411_Cmake.dir/USB_DEVICE/Target/usbd_conf.c.obj
                0x08001068                USBD_LL_SetUSBAddress
 .text.USBD_LL_Transmit
                0x080010a6       0x42 CMakeFiles/F411_Cmake.dir/USB_DEVICE/Target/usbd_conf.c.obj
                0x080010a6                USBD_LL_Transmit
 .text.USBD_LL_PrepareReceive
                0x080010e8       0x42 CMakeFiles/F411_Cmake.dir/USB_DEVICE/Target/usbd_conf.c.obj
                0x080010e8                USBD_LL_PrepareReceive
 .text.USBD_LL_GetRxDataSize
                0x0800112a       0x26 CMakeFiles/F411_Cmake.dir/USB_DEVICE/Target/usbd_conf.c.obj
                0x0800112a                USBD_LL_GetRxDataSize
 .text.USBD_static_malloc
                0x08001150       0x1c CMakeFiles/F411_Cmake.dir/USB_DEVICE/Target/usbd_conf.c.obj
                0x08001150                USBD_static_malloc
 .text.USBD_static_free
                0x0800116c       0x14 CMakeFiles/F411_Cmake.dir/USB_DEVICE/Target/usbd_conf.c.obj
                0x0800116c                USBD_static_free
 .text.USBD_Get_USB_Status
                0x08001180       0x58 CMakeFiles/F411_Cmake.dir/USB_DEVICE/Target/usbd_conf.c.obj
                0x08001180                USBD_Get_USB_Status
 .text.HAL_PCD_Init
                0x080011d8      0x21e CMakeFiles/F411_Cmake.dir/Drivers/STM32F4xx_HAL_Driver/Src/stm32f4xx_hal_pcd.c.obj
                0x080011d8                HAL_PCD_Init
 .text.HAL_PCD_Start
                0x080013f6       0x6a CMakeFiles/F411_Cmake.dir/Drivers/STM32F4xx_HAL_Driver/Src/stm32f4xx_hal_pcd.c.obj
                0x080013f6                HAL_PCD_Start
 .text.HAL_PCD_IRQHandler
                0x08001460      0x942 CMakeFiles/F411_Cmake.dir/Drivers/STM32F4xx_HAL_Driver/Src/stm32f4xx_hal_pcd.c.obj
                0x08001460                HAL_PCD_IRQHandler
 .text.HAL_PCD_SetAddress
                0x08001da2       0x48 CMakeFiles/F411_Cmake.dir/Drivers/STM32F4xx_HAL_Driver/Src/stm32f4xx_hal_pcd.c.obj
                0x08001da2                HAL_PCD_SetAddress
 .text.HAL_PCD_EP_Open
                0x08001dea       0xd4 CMakeFiles/F411_Cmake.dir/Drivers/STM32F4xx_HAL_Driver/Src/stm32f4xx_hal_pcd.c.obj
                0x08001dea                HAL_PCD_EP_Open
 .text.HAL_PCD_EP_Close
                0x08001ebe       0x94 CMakeFiles/F411_Cmake.dir/Drivers/STM32F4xx_HAL_Driver/Src/stm32f4xx_hal_pcd.c.obj
                0x08001ebe                HAL_PCD_EP_Close
 .text.HAL_PCD_EP_Receive
                0x08001f52       0x76 CMakeFiles/F411_Cmake.dir/Drivers/STM32F4xx_HAL_Driver/Src/stm32f4xx_hal_pcd.c.obj
                0x08001f52                HAL_PCD_EP_Receive
 .text.HAL_PCD_EP_GetRxCount
                0x08001fc8       0x30 CMakeFiles/F411_Cmake.dir/Drivers/STM32F4xx_HAL_Driver/Src/stm32f4xx_hal_pcd.c.obj
                0x08001fc8                HAL_PCD_EP_GetRxCount
 .text.HAL_PCD_EP_Transmit
                0x08001ff8       0x74 CMakeFiles/F411_Cmake.dir/Drivers/STM32F4xx_HAL_Driver/Src/stm32f4xx_hal_pcd.c.obj
                0x08001ff8                HAL_PCD_EP_Transmit
 .text.HAL_PCD_EP_SetStall
                0x0800206c       0xc6 CMakeFiles/F411_Cmake.dir/Drivers/STM32F4xx_HAL_Driver/Src/stm32f4xx_hal_pcd.c.obj
                0x0800206c                HAL_PCD_EP_SetStall
 .text.HAL_PCD_EP_ClrStall
                0x08002132       0xac CMakeFiles/F411_Cmake.dir/Drivers/STM32F4xx_HAL_Driver/Src/stm32f4xx_hal_pcd.c.obj
                0x08002132                HAL_PCD_EP_ClrStall
 .text.HAL_PCD_EP_Abort
                0x080021de       0x62 CMakeFiles/F411_Cmake.dir/Drivers/STM32F4xx_HAL_Driver/Src/stm32f4xx_hal_pcd.c.obj
                0x080021de                HAL_PCD_EP_Abort
 .text.PCD_WriteEmptyTxFifo
                0x08002240      0x118 CMakeFiles/F411_Cmake.dir/Drivers/STM32F4xx_HAL_Driver/Src/stm32f4xx_hal_pcd.c.obj
 .text.PCD_EP_OutXfrComplete_int
                0x08002358      0x1d0 CMakeFiles/F411_Cmake.dir/Drivers/STM32F4xx_HAL_Driver/Src/stm32f4xx_hal_pcd.c.obj
 .text.PCD_EP_OutSetupPacket_int
                0x08002528       0x8c CMakeFiles/F411_Cmake.dir/Drivers/STM32F4xx_HAL_Driver/Src/stm32f4xx_hal_pcd.c.obj
 .text.HAL_PCDEx_SetTxFiFo
                0x080025b4       0x8e CMakeFiles/F411_Cmake.dir/Drivers/STM32F4xx_HAL_Driver/Src/stm32f4xx_hal_pcd_ex.c.obj
                0x080025b4                HAL_PCDEx_SetTxFiFo
 .text.HAL_PCDEx_SetRxFiFo
                0x08002642       0x22 CMakeFiles/F411_Cmake.dir/Drivers/STM32F4xx_HAL_Driver/Src/stm32f4xx_hal_pcd_ex.c.obj
                0x08002642                HAL_PCDEx_SetRxFiFo
 .text.HAL_PCDEx_LPM_Callback
                0x08002664       0x18 CMakeFiles/F411_Cmake.dir/Drivers/STM32F4xx_HAL_Driver/Src/stm32f4xx_hal_pcd_ex.c.obj
                0x08002664                HAL_PCDEx_LPM_Callback
 .text.USB_CoreInit
                0x0800267c       0xc8 CMakeFiles/F411_Cmake.dir/Drivers/STM32F4xx_HAL_Driver/Src/stm32f4xx_ll_usb.c.obj
                0x0800267c                USB_CoreInit
 .text.USB_SetTurnaroundTime
                0x08002744      0x144 CMakeFiles/F411_Cmake.dir/Drivers/STM32F4xx_HAL_Driver/Src/stm32f4xx_ll_usb.c.obj
                0x08002744                USB_SetTurnaroundTime
 .text.USB_EnableGlobalInt
                0x08002888       0x22 CMakeFiles/F411_Cmake.dir/Drivers/STM32F4xx_HAL_Driver/Src/stm32f4xx_ll_usb.c.obj
                0x08002888                USB_EnableGlobalInt
 .text.USB_DisableGlobalInt
                0x080028aa       0x22 CMakeFiles/F411_Cmake.dir/Drivers/STM32F4xx_HAL_Driver/Src/stm32f4xx_ll_usb.c.obj
                0x080028aa                USB_DisableGlobalInt
 .text.USB_SetCurrentMode
                0x080028cc       0x98 CMakeFiles/F411_Cmake.dir/Drivers/STM32F4xx_HAL_Driver/Src/stm32f4xx_ll_usb.c.obj
                0x080028cc                USB_SetCurrentMode
 .text.USB_DevInit
                0x08002964      0x2c8 CMakeFiles/F411_Cmake.dir/Drivers/STM32F4xx_HAL_Driver/Src/stm32f4xx_ll_usb.c.obj
                0x08002964                USB_DevInit
 .text.USB_FlushTxFifo
                0x08002c2c       0x64 CMakeFiles/F411_Cmake.dir/Drivers/STM32F4xx_HAL_Driver/Src/stm32f4xx_ll_usb.c.obj
                0x08002c2c                USB_FlushTxFifo
 .text.USB_FlushRxFifo
                0x08002c90       0x5c CMakeFiles/F411_Cmake.dir/Drivers/STM32F4xx_HAL_Driver/Src/stm32f4xx_ll_usb.c.obj
                0x08002c90                USB_FlushRxFifo
 .text.USB_SetDevSpeed
                0x08002cec       0x32 CMakeFiles/F411_Cmake.dir/Drivers/STM32F4xx_HAL_Driver/Src/stm32f4xx_ll_usb.c.obj
                0x08002cec                USB_SetDevSpeed
 .text.USB_GetDevSpeed
                0x08002d1e       0x4a CMakeFiles/F411_Cmake.dir/Drivers/STM32F4xx_HAL_Driver/Src/stm32f4xx_ll_usb.c.obj
                0x08002d1e                USB_GetDevSpeed
 .text.USB_ActivateEndpoint
                0x08002d68      0x10e CMakeFiles/F411_Cmake.dir/Drivers/STM32F4xx_HAL_Driver/Src/stm32f4xx_ll_usb.c.obj
                0x08002d68                USB_ActivateEndpoint
 *fill*         0x08002e76        0x2 
 .text.USB_DeactivateEndpoint
                0x08002e78      0x1b8 CMakeFiles/F411_Cmake.dir/Drivers/STM32F4xx_HAL_Driver/Src/stm32f4xx_ll_usb.c.obj
                0x08002e78                USB_DeactivateEndpoint
 .text.USB_EPStartXfer
                0x08003030      0x53c CMakeFiles/F411_Cmake.dir/Drivers/STM32F4xx_HAL_Driver/Src/stm32f4xx_ll_usb.c.obj
                0x08003030                USB_EPStartXfer
 .text.USB_EPStopXfer
                0x0800356c      0x154 CMakeFiles/F411_Cmake.dir/Drivers/STM32F4xx_HAL_Driver/Src/stm32f4xx_ll_usb.c.obj
                0x0800356c                USB_EPStopXfer
 .text.USB_WritePacket
                0x080036c0       0x7c CMakeFiles/F411_Cmake.dir/Drivers/STM32F4xx_HAL_Driver/Src/stm32f4xx_ll_usb.c.obj
                0x080036c0                USB_WritePacket
 .text.USB_ReadPacket
                0x0800373c       0xb0 CMakeFiles/F411_Cmake.dir/Drivers/STM32F4xx_HAL_Driver/Src/stm32f4xx_ll_usb.c.obj
                0x0800373c                USB_ReadPacket
 .text.USB_EPSetStall
                0x080037ec       0xdc CMakeFiles/F411_Cmake.dir/Drivers/STM32F4xx_HAL_Driver/Src/stm32f4xx_ll_usb.c.obj
                0x080037ec                USB_EPSetStall
 .text.USB_EPClearStall
                0x080038c8       0xcc CMakeFiles/F411_Cmake.dir/Drivers/STM32F4xx_HAL_Driver/Src/stm32f4xx_ll_usb.c.obj
                0x080038c8                USB_EPClearStall
 .text.USB_SetDevAddress
                0x08003994       0x4c CMakeFiles/F411_Cmake.dir/Drivers/STM32F4xx_HAL_Driver/Src/stm32f4xx_ll_usb.c.obj
                0x08003994                USB_SetDevAddress
 .text.USB_DevConnect
                0x080039e0       0x42 CMakeFiles/F411_Cmake.dir/Drivers/STM32F4xx_HAL_Driver/Src/stm32f4xx_ll_usb.c.obj
                0x080039e0                USB_DevConnect
 .text.USB_DevDisconnect
                0x08003a22       0x42 CMakeFiles/F411_Cmake.dir/Drivers/STM32F4xx_HAL_Driver/Src/stm32f4xx_ll_usb.c.obj
                0x08003a22                USB_DevDisconnect
 .text.USB_ReadInterrupts
                0x08003a64       0x26 CMakeFiles/F411_Cmake.dir/Drivers/STM32F4xx_HAL_Driver/Src/stm32f4xx_ll_usb.c.obj
                0x08003a64                USB_ReadInterrupts
 .text.USB_ReadDevAllOutEpInterrupt
                0x08003a8a       0x34 CMakeFiles/F411_Cmake.dir/Drivers/STM32F4xx_HAL_Driver/Src/stm32f4xx_ll_usb.c.obj
                0x08003a8a                USB_ReadDevAllOutEpInterrupt
 .text.USB_ReadDevAllInEpInterrupt
                0x08003abe       0x34 CMakeFiles/F411_Cmake.dir/Drivers/STM32F4xx_HAL_Driver/Src/stm32f4xx_ll_usb.c.obj
                0x08003abe                USB_ReadDevAllInEpInterrupt
 .text.USB_ReadDevOutEPInterrupt
                0x08003af2       0x3c CMakeFiles/F411_Cmake.dir/Drivers/STM32F4xx_HAL_Driver/Src/stm32f4xx_ll_usb.c.obj
                0x08003af2                USB_ReadDevOutEPInterrupt
 .text.USB_ReadDevInEPInterrupt
                0x08003b2e       0x5c CMakeFiles/F411_Cmake.dir/Drivers/STM32F4xx_HAL_Driver/Src/stm32f4xx_ll_usb.c.obj
                0x08003b2e                USB_ReadDevInEPInterrupt
 .text.USB_GetMode
                0x08003b8a       0x1c CMakeFiles/F411_Cmake.dir/Drivers/STM32F4xx_HAL_Driver/Src/stm32f4xx_ll_usb.c.obj
                0x08003b8a                USB_GetMode
 .text.USB_ActivateSetup
                0x08003ba6       0x46 CMakeFiles/F411_Cmake.dir/Drivers/STM32F4xx_HAL_Driver/Src/stm32f4xx_ll_usb.c.obj
                0x08003ba6                USB_ActivateSetup
 .text.USB_EP0_OutStart
                0x08003bec       0xbc CMakeFiles/F411_Cmake.dir/Drivers/STM32F4xx_HAL_Driver/Src/stm32f4xx_ll_usb.c.obj
                0x08003bec                USB_EP0_OutStart
 .text.USB_CoreReset
                0x08003ca8       0x62 CMakeFiles/F411_Cmake.dir/Drivers/STM32F4xx_HAL_Driver/Src/stm32f4xx_ll_usb.c.obj
 *fill*         0x08003d0a        0x2 
 .text.HAL_RCC_OscConfig
                0x08003d0c      0x4f0 CMakeFiles/F411_Cmake.dir/Drivers/STM32F4xx_HAL_Driver/Src/stm32f4xx_hal_rcc.c.obj
                0x08003d0c                HAL_RCC_OscConfig
 .text.HAL_RCC_ClockConfig
                0x080041fc      0x1cc CMakeFiles/F411_Cmake.dir/Drivers/STM32F4xx_HAL_Driver/Src/stm32f4xx_hal_rcc.c.obj
                0x080041fc                HAL_RCC_ClockConfig
 .text.HAL_RCC_GetSysClockFreq
                0x080043c8      0x18c CMakeFiles/F411_Cmake.dir/Drivers/STM32F4xx_HAL_Driver/Src/stm32f4xx_hal_rcc.c.obj
                0x080043c8                HAL_RCC_GetSysClockFreq
 .text.HAL_RCC_GetHCLKFreq
                0x08004554       0x18 CMakeFiles/F411_Cmake.dir/Drivers/STM32F4xx_HAL_Driver/Src/stm32f4xx_hal_rcc.c.obj
                0x08004554                HAL_RCC_GetHCLKFreq
 .text.HAL_RCC_GetPCLK1Freq
                0x0800456c       0x28 CMakeFiles/F411_Cmake.dir/Drivers/STM32F4xx_HAL_Driver/Src/stm32f4xx_hal_rcc.c.obj
                0x0800456c                HAL_RCC_GetPCLK1Freq
 .text.HAL_RCC_GetPCLK2Freq
                0x08004594       0x28 CMakeFiles/F411_Cmake.dir/Drivers/STM32F4xx_HAL_Driver/Src/stm32f4xx_hal_rcc.c.obj
                0x08004594                HAL_RCC_GetPCLK2Freq
 .text.HAL_GPIO_Init
                0x080045bc      0x308 CMakeFiles/F411_Cmake.dir/Drivers/STM32F4xx_HAL_Driver/Src/stm32f4xx_hal_gpio.c.obj
                0x080045bc                HAL_GPIO_Init
 .text.HAL_GPIO_WritePin
                0x080048c4       0x32 CMakeFiles/F411_Cmake.dir/Drivers/STM32F4xx_HAL_Driver/Src/stm32f4xx_hal_gpio.c.obj
                0x080048c4                HAL_GPIO_WritePin
 *fill*         0x080048f6        0x2 
 .text.HAL_DMA_Init
                0x080048f8      0x15c CMakeFiles/F411_Cmake.dir/Drivers/STM32F4xx_HAL_Driver/Src/stm32f4xx_hal_dma.c.obj
                0x080048f8                HAL_DMA_Init
 .text.HAL_DMA_Start_IT
                0x08004a54       0xb0 CMakeFiles/F411_Cmake.dir/Drivers/STM32F4xx_HAL_Driver/Src/stm32f4xx_hal_dma.c.obj
                0x08004a54                HAL_DMA_Start_IT
 .text.HAL_DMA_Abort
                0x08004b04       0xe0 CMakeFiles/F411_Cmake.dir/Drivers/STM32F4xx_HAL_Driver/Src/stm32f4xx_hal_dma.c.obj
                0x08004b04                HAL_DMA_Abort
 .text.HAL_DMA_Abort_IT
                0x08004be4       0x44 CMakeFiles/F411_Cmake.dir/Drivers/STM32F4xx_HAL_Driver/Src/stm32f4xx_hal_dma.c.obj
                0x08004be4                HAL_DMA_Abort_IT
 .text.HAL_DMA_IRQHandler
                0x08004c28      0x314 CMakeFiles/F411_Cmake.dir/Drivers/STM32F4xx_HAL_Driver/Src/stm32f4xx_hal_dma.c.obj
                0x08004c28                HAL_DMA_IRQHandler
 .text.DMA_SetConfig
                0x08004f3c       0x5c CMakeFiles/F411_Cmake.dir/Drivers/STM32F4xx_HAL_Driver/Src/stm32f4xx_hal_dma.c.obj
 .text.DMA_CalcBaseAndBitshift
                0x08004f98       0x6c CMakeFiles/F411_Cmake.dir/Drivers/STM32F4xx_HAL_Driver/Src/stm32f4xx_hal_dma.c.obj
 .text.DMA_CheckFifoParam
                0x08005004       0xf8 CMakeFiles/F411_Cmake.dir/Drivers/STM32F4xx_HAL_Driver/Src/stm32f4xx_hal_dma.c.obj
 .text.__NVIC_SetPriorityGrouping
                0x080050fc       0x48 CMakeFiles/F411_Cmake.dir/Drivers/STM32F4xx_HAL_Driver/Src/stm32f4xx_hal_cortex.c.obj
 .text.__NVIC_GetPriorityGrouping
                0x08005144       0x1c CMakeFiles/F411_Cmake.dir/Drivers/STM32F4xx_HAL_Driver/Src/stm32f4xx_hal_cortex.c.obj
 .text.__NVIC_EnableIRQ
                0x08005160       0x3c CMakeFiles/F411_Cmake.dir/Drivers/STM32F4xx_HAL_Driver/Src/stm32f4xx_hal_cortex.c.obj
 .text.__NVIC_SetPriority
                0x0800519c       0x54 CMakeFiles/F411_Cmake.dir/Drivers/STM32F4xx_HAL_Driver/Src/stm32f4xx_hal_cortex.c.obj
 .text.NVIC_EncodePriority
                0x080051f0       0x66 CMakeFiles/F411_Cmake.dir/Drivers/STM32F4xx_HAL_Driver/Src/stm32f4xx_hal_cortex.c.obj
 *fill*         0x08005256        0x2 
 .text.SysTick_Config
                0x08005258       0x44 CMakeFiles/F411_Cmake.dir/Drivers/STM32F4xx_HAL_Driver/Src/stm32f4xx_hal_cortex.c.obj
 .text.HAL_NVIC_SetPriorityGrouping
                0x0800529c       0x16 CMakeFiles/F411_Cmake.dir/Drivers/STM32F4xx_HAL_Driver/Src/stm32f4xx_hal_cortex.c.obj
                0x0800529c                HAL_NVIC_SetPriorityGrouping
 .text.HAL_NVIC_SetPriority
                0x080052b2       0x38 CMakeFiles/F411_Cmake.dir/Drivers/STM32F4xx_HAL_Driver/Src/stm32f4xx_hal_cortex.c.obj
                0x080052b2                HAL_NVIC_SetPriority
 .text.HAL_NVIC_EnableIRQ
                0x080052ea       0x1c CMakeFiles/F411_Cmake.dir/Drivers/STM32F4xx_HAL_Driver/Src/stm32f4xx_hal_cortex.c.obj
                0x080052ea                HAL_NVIC_EnableIRQ
 .text.HAL_SYSTICK_Config
                0x08005306       0x18 CMakeFiles/F411_Cmake.dir/Drivers/STM32F4xx_HAL_Driver/Src/stm32f4xx_hal_cortex.c.obj
                0x08005306                HAL_SYSTICK_Config
 *fill*         0x0800531e        0x2 
 .text.HAL_Init
                0x08005320       0x44 CMakeFiles/F411_Cmake.dir/Drivers/STM32F4xx_HAL_Driver/Src/stm32f4xx_hal.c.obj
                0x08005320                HAL_Init
 .text.HAL_InitTick
                0x08005364       0x60 CMakeFiles/F411_Cmake.dir/Drivers/STM32F4xx_HAL_Driver/Src/stm32f4xx_hal.c.obj
                0x08005364                HAL_InitTick
 .text.HAL_IncTick
                0x080053c4       0x28 CMakeFiles/F411_Cmake.dir/Drivers/STM32F4xx_HAL_Driver/Src/stm32f4xx_hal.c.obj
                0x080053c4                HAL_IncTick
 .text.HAL_GetTick
                0x080053ec       0x18 CMakeFiles/F411_Cmake.dir/Drivers/STM32F4xx_HAL_Driver/Src/stm32f4xx_hal.c.obj
                0x080053ec                HAL_GetTick
 .text.HAL_Delay
                0x08005404       0x48 CMakeFiles/F411_Cmake.dir/Drivers/STM32F4xx_HAL_Driver/Src/stm32f4xx_hal.c.obj
                0x08005404                HAL_Delay
 .text.HAL_UART_Init
                0x0800544c       0xa0 CMakeFiles/F411_Cmake.dir/Drivers/STM32F4xx_HAL_Driver/Src/stm32f4xx_hal_uart.c.obj
                0x0800544c                HAL_UART_Init
 .text.HAL_UART_Receive_IT
                0x080054ec       0x4a CMakeFiles/F411_Cmake.dir/Drivers/STM32F4xx_HAL_Driver/Src/stm32f4xx_hal_uart.c.obj
                0x080054ec                HAL_UART_Receive_IT
 *fill*         0x08005536        0x2 
 .text.HAL_UART_Transmit_DMA
                0x08005538       0xe0 CMakeFiles/F411_Cmake.dir/Drivers/STM32F4xx_HAL_Driver/Src/stm32f4xx_hal_uart.c.obj
                0x08005538                HAL_UART_Transmit_DMA
 .text.HAL_UART_IRQHandler
                0x08005618      0x524 CMakeFiles/F411_Cmake.dir/Drivers/STM32F4xx_HAL_Driver/Src/stm32f4xx_hal_uart.c.obj
                0x08005618                HAL_UART_IRQHandler
 .text.HAL_UART_TxHalfCpltCallback
                0x08005b3c       0x14 CMakeFiles/F411_Cmake.dir/Drivers/STM32F4xx_HAL_Driver/Src/stm32f4xx_hal_uart.c.obj
                0x08005b3c                HAL_UART_TxHalfCpltCallback
 .text.HAL_UART_ErrorCallback
                0x08005b50       0x14 CMakeFiles/F411_Cmake.dir/Drivers/STM32F4xx_HAL_Driver/Src/stm32f4xx_hal_uart.c.obj
                0x08005b50                HAL_UART_ErrorCallback
 .text.HAL_UARTEx_RxEventCallback
                0x08005b64       0x18 CMakeFiles/F411_Cmake.dir/Drivers/STM32F4xx_HAL_Driver/Src/stm32f4xx_hal_uart.c.obj
                0x08005b64                HAL_UARTEx_RxEventCallback
 .text.UART_DMATransmitCplt
                0x08005b7c       0x9a CMakeFiles/F411_Cmake.dir/Drivers/STM32F4xx_HAL_Driver/Src/stm32f4xx_hal_uart.c.obj
 .text.UART_DMATxHalfCplt
                0x08005c16       0x1c CMakeFiles/F411_Cmake.dir/Drivers/STM32F4xx_HAL_Driver/Src/stm32f4xx_hal_uart.c.obj
 .text.UART_DMAError
                0x08005c32       0x94 CMakeFiles/F411_Cmake.dir/Drivers/STM32F4xx_HAL_Driver/Src/stm32f4xx_hal_uart.c.obj
 .text.UART_Start_Receive_IT
                0x08005cc6       0x74 CMakeFiles/F411_Cmake.dir/Drivers/STM32F4xx_HAL_Driver/Src/stm32f4xx_hal_uart.c.obj
                0x08005cc6                UART_Start_Receive_IT
 .text.UART_EndTxTransfer
                0x08005d3a       0x50 CMakeFiles/F411_Cmake.dir/Drivers/STM32F4xx_HAL_Driver/Src/stm32f4xx_hal_uart.c.obj
 .text.UART_EndRxTransfer
                0x08005d8a       0xc6 CMakeFiles/F411_Cmake.dir/Drivers/STM32F4xx_HAL_Driver/Src/stm32f4xx_hal_uart.c.obj
 .text.UART_DMAAbortOnError
                0x08005e50       0x28 CMakeFiles/F411_Cmake.dir/Drivers/STM32F4xx_HAL_Driver/Src/stm32f4xx_hal_uart.c.obj
 .text.UART_Transmit_IT
                0x08005e78       0xa0 CMakeFiles/F411_Cmake.dir/Drivers/STM32F4xx_HAL_Driver/Src/stm32f4xx_hal_uart.c.obj
 .text.UART_EndTransmit_IT
                0x08005f18       0x30 CMakeFiles/F411_Cmake.dir/Drivers/STM32F4xx_HAL_Driver/Src/stm32f4xx_hal_uart.c.obj
 .text.UART_Receive_IT
                0x08005f48      0x17c CMakeFiles/F411_Cmake.dir/Drivers/STM32F4xx_HAL_Driver/Src/stm32f4xx_hal_uart.c.obj
 .text.UART_SetConfig
                0x080060c4      0x4e8 CMakeFiles/F411_Cmake.dir/Drivers/STM32F4xx_HAL_Driver/Src/stm32f4xx_hal_uart.c.obj
 .text.SystemInit
                0x080065ac       0x24 CMakeFiles/F411_Cmake.dir/Core/Src/system_stm32f4xx.c.obj
                0x080065ac                SystemInit
 .text.USBD_Init
                0x080065d0       0x60 CMakeFiles/F411_Cmake.dir/Middlewares/ST/STM32_USB_Device_Library/Core/Src/usbd_core.c.obj
                0x080065d0                USBD_Init
 .text.USBD_RegisterClass
                0x08006630       0x6c CMakeFiles/F411_Cmake.dir/Middlewares/ST/STM32_USB_Device_Library/Core/Src/usbd_core.c.obj
                0x08006630                USBD_RegisterClass
 .text.USBD_Start
                0x0800669c       0x18 CMakeFiles/F411_Cmake.dir/Middlewares/ST/STM32_USB_Device_Library/Core/Src/usbd_core.c.obj
                0x0800669c                USBD_Start
 .text.USBD_RunTestMode
                0x080066b4       0x16 CMakeFiles/F411_Cmake.dir/Middlewares/ST/STM32_USB_Device_Library/Core/Src/usbd_core.c.obj
                0x080066b4                USBD_RunTestMode
 .text.USBD_SetClassConfig
                0x080066ca       0x38 CMakeFiles/F411_Cmake.dir/Middlewares/ST/STM32_USB_Device_Library/Core/Src/usbd_core.c.obj
                0x080066ca                USBD_SetClassConfig
 .text.USBD_ClrClassConfig
                0x08006702       0x34 CMakeFiles/F411_Cmake.dir/Middlewares/ST/STM32_USB_Device_Library/Core/Src/usbd_core.c.obj
                0x08006702                USBD_ClrClassConfig
 .text.USBD_LL_SetupStage
                0x08006736       0xaa CMakeFiles/F411_Cmake.dir/Middlewares/ST/STM32_USB_Device_Library/Core/Src/usbd_core.c.obj
                0x08006736                USBD_LL_SetupStage
 .text.USBD_LL_DataOutStage
                0x080067e0      0x166 CMakeFiles/F411_Cmake.dir/Middlewares/ST/STM32_USB_Device_Library/Core/Src/usbd_core.c.obj
                0x080067e0                USBD_LL_DataOutStage
 .text.USBD_LL_DataInStage
                0x08006946      0x164 CMakeFiles/F411_Cmake.dir/Middlewares/ST/STM32_USB_Device_Library/Core/Src/usbd_core.c.obj
                0x08006946                USBD_LL_DataInStage
 .text.USBD_LL_Reset
                0x08006aaa       0xa4 CMakeFiles/F411_Cmake.dir/Middlewares/ST/STM32_USB_Device_Library/Core/Src/usbd_core.c.obj
                0x08006aaa                USBD_LL_Reset
 .text.USBD_LL_SetSpeed
                0x08006b4e       0x20 CMakeFiles/F411_Cmake.dir/Middlewares/ST/STM32_USB_Device_Library/Core/Src/usbd_core.c.obj
                0x08006b4e                USBD_LL_SetSpeed
 .text.USBD_LL_Suspend
                0x08006b6e       0x38 CMakeFiles/F411_Cmake.dir/Middlewares/ST/STM32_USB_Device_Library/Core/Src/usbd_core.c.obj
                0x08006b6e                USBD_LL_Suspend
 .text.USBD_LL_Resume
                0x08006ba6       0x30 CMakeFiles/F411_Cmake.dir/Middlewares/ST/STM32_USB_Device_Library/Core/Src/usbd_core.c.obj
                0x08006ba6                USBD_LL_Resume
 .text.USBD_LL_SOF
                0x08006bd6       0x40 CMakeFiles/F411_Cmake.dir/Middlewares/ST/STM32_USB_Device_Library/Core/Src/usbd_core.c.obj
                0x08006bd6                USBD_LL_SOF
 .text.USBD_LL_IsoINIncomplete
                0x08006c16       0x64 CMakeFiles/F411_Cmake.dir/Middlewares/ST/STM32_USB_Device_Library/Core/Src/usbd_core.c.obj
                0x08006c16                USBD_LL_IsoINIncomplete
 .text.USBD_LL_IsoOUTIncomplete
                0x08006c7a       0x64 CMakeFiles/F411_Cmake.dir/Middlewares/ST/STM32_USB_Device_Library/Core/Src/usbd_core.c.obj
                0x08006c7a                USBD_LL_IsoOUTIncomplete
 .text.USBD_LL_DevConnected
                0x08006cde       0x16 CMakeFiles/F411_Cmake.dir/Middlewares/ST/STM32_USB_Device_Library/Core/Src/usbd_core.c.obj
                0x08006cde                USBD_LL_DevConnected
 .text.USBD_LL_DevDisconnected
                0x08006cf4       0x46 CMakeFiles/F411_Cmake.dir/Middlewares/ST/STM32_USB_Device_Library/Core/Src/usbd_core.c.obj
                0x08006cf4                USBD_LL_DevDisconnected
 .text.USBD_CoreFindIF
                0x08006d3a       0x1a CMakeFiles/F411_Cmake.dir/Middlewares/ST/STM32_USB_Device_Library/Core/Src/usbd_core.c.obj
                0x08006d3a                USBD_CoreFindIF
 .text.USBD_CoreFindEP
                0x08006d54       0x1a CMakeFiles/F411_Cmake.dir/Middlewares/ST/STM32_USB_Device_Library/Core/Src/usbd_core.c.obj
                0x08006d54                USBD_CoreFindEP
 .text.USBD_GetEpDesc
                0x08006d6e       0x74 CMakeFiles/F411_Cmake.dir/Middlewares/ST/STM32_USB_Device_Library/Core/Src/usbd_core.c.obj
                0x08006d6e                USBD_GetEpDesc
 .text.USBD_GetNextDesc
                0x08006de2       0x3a CMakeFiles/F411_Cmake.dir/Middlewares/ST/STM32_USB_Device_Library/Core/Src/usbd_core.c.obj
                0x08006de2                USBD_GetNextDesc
 .text.SWAPBYTE
                0x08006e1c       0x3c CMakeFiles/F411_Cmake.dir/Middlewares/ST/STM32_USB_Device_Library/Core/Src/usbd_ctlreq.c.obj
 .text.USBD_StdDevReq
                0x08006e58       0xe4 CMakeFiles/F411_Cmake.dir/Middlewares/ST/STM32_USB_Device_Library/Core/Src/usbd_ctlreq.c.obj
                0x08006e58                USBD_StdDevReq
 .text.USBD_StdItfReq
                0x08006f3c       0xd8 CMakeFiles/F411_Cmake.dir/Middlewares/ST/STM32_USB_Device_Library/Core/Src/usbd_ctlreq.c.obj
                0x08006f3c                USBD_StdItfReq
 .text.USBD_StdEPReq
                0x08007014      0x33a CMakeFiles/F411_Cmake.dir/Middlewares/ST/STM32_USB_Device_Library/Core/Src/usbd_ctlreq.c.obj
                0x08007014                USBD_StdEPReq
 *fill*         0x0800734e        0x2 
 .text.USBD_GetDescriptor
                0x08007350      0x2d4 CMakeFiles/F411_Cmake.dir/Middlewares/ST/STM32_USB_Device_Library/Core/Src/usbd_ctlreq.c.obj
 .text.USBD_SetAddress
                0x08007624       0x88 CMakeFiles/F411_Cmake.dir/Middlewares/ST/STM32_USB_Device_Library/Core/Src/usbd_ctlreq.c.obj
 .text.USBD_SetConfig
                0x080076ac      0x154 CMakeFiles/F411_Cmake.dir/Middlewares/ST/STM32_USB_Device_Library/Core/Src/usbd_ctlreq.c.obj
 .text.USBD_GetConfig
                0x08007800       0x6c CMakeFiles/F411_Cmake.dir/Middlewares/ST/STM32_USB_Device_Library/Core/Src/usbd_ctlreq.c.obj
 .text.USBD_GetStatus
                0x0800786c       0x68 CMakeFiles/F411_Cmake.dir/Middlewares/ST/STM32_USB_Device_Library/Core/Src/usbd_ctlreq.c.obj
 .text.USBD_SetFeature
                0x080078d4       0x52 CMakeFiles/F411_Cmake.dir/Middlewares/ST/STM32_USB_Device_Library/Core/Src/usbd_ctlreq.c.obj
 .text.USBD_ClrFeature
                0x08007926       0x44 CMakeFiles/F411_Cmake.dir/Middlewares/ST/STM32_USB_Device_Library/Core/Src/usbd_ctlreq.c.obj
 .text.USBD_ParseSetupRequest
                0x0800796a       0x74 CMakeFiles/F411_Cmake.dir/Middlewares/ST/STM32_USB_Device_Library/Core/Src/usbd_ctlreq.c.obj
                0x0800796a                USBD_ParseSetupRequest
 .text.USBD_CtlError
                0x080079de       0x22 CMakeFiles/F411_Cmake.dir/Middlewares/ST/STM32_USB_Device_Library/Core/Src/usbd_ctlreq.c.obj
                0x080079de                USBD_CtlError
 .text.USBD_GetString
                0x08007a00       0xa4 CMakeFiles/F411_Cmake.dir/Middlewares/ST/STM32_USB_Device_Library/Core/Src/usbd_ctlreq.c.obj
                0x08007a00                USBD_GetString
 .text.USBD_GetLen
                0x08007aa4       0x34 CMakeFiles/F411_Cmake.dir/Middlewares/ST/STM32_USB_Device_Library/Core/Src/usbd_ctlreq.c.obj
 .text.USBD_CtlSendData
                0x08007ad8       0x36 CMakeFiles/F411_Cmake.dir/Middlewares/ST/STM32_USB_Device_Library/Core/Src/usbd_ioreq.c.obj
                0x08007ad8                USBD_CtlSendData
 .text.USBD_CtlContinueSendData
                0x08007b0e       0x22 CMakeFiles/F411_Cmake.dir/Middlewares/ST/STM32_USB_Device_Library/Core/Src/usbd_ioreq.c.obj
                0x08007b0e                USBD_CtlContinueSendData
 .text.USBD_CtlPrepareRx
                0x08007b30       0x3a CMakeFiles/F411_Cmake.dir/Middlewares/ST/STM32_USB_Device_Library/Core/Src/usbd_ioreq.c.obj
                0x08007b30                USBD_CtlPrepareRx
 .text.USBD_CtlContinueRx
                0x08007b6a       0x22 CMakeFiles/F411_Cmake.dir/Middlewares/ST/STM32_USB_Device_Library/Core/Src/usbd_ioreq.c.obj
                0x08007b6a                USBD_CtlContinueRx
 .text.USBD_CtlSendStatus
                0x08007b8c       0x26 CMakeFiles/F411_Cmake.dir/Middlewares/ST/STM32_USB_Device_Library/Core/Src/usbd_ioreq.c.obj
                0x08007b8c                USBD_CtlSendStatus
 .text.USBD_CtlReceiveStatus
                0x08007bb2       0x26 CMakeFiles/F411_Cmake.dir/Middlewares/ST/STM32_USB_Device_Library/Core/Src/usbd_ioreq.c.obj
                0x08007bb2                USBD_CtlReceiveStatus
 .text.USBD_CDC_Init
                0x08007bd8      0x1f0 CMakeFiles/F411_Cmake.dir/Middlewares/ST/STM32_USB_Device_Library/Class/CDC/Src/usbd_cdc.c.obj
 .text.USBD_CDC_DeInit
                0x08007dc8      0x104 CMakeFiles/F411_Cmake.dir/Middlewares/ST/STM32_USB_Device_Library/Class/CDC/Src/usbd_cdc.c.obj
 .text.USBD_CDC_Setup
                0x08007ecc      0x1b8 CMakeFiles/F411_Cmake.dir/Middlewares/ST/STM32_USB_Device_Library/Class/CDC/Src/usbd_cdc.c.obj
 .text.USBD_CDC_DataIn
                0x08008084       0xfe CMakeFiles/F411_Cmake.dir/Middlewares/ST/STM32_USB_Device_Library/Class/CDC/Src/usbd_cdc.c.obj
 .text.USBD_CDC_DataOut
                0x08008182       0x70 CMakeFiles/F411_Cmake.dir/Middlewares/ST/STM32_USB_Device_Library/Class/CDC/Src/usbd_cdc.c.obj
 .text.USBD_CDC_EP0_RxReady
                0x080081f2       0x76 CMakeFiles/F411_Cmake.dir/Middlewares/ST/STM32_USB_Device_Library/Class/CDC/Src/usbd_cdc.c.obj
 .text.USBD_CDC_GetFSCfgDesc
                0x08008268       0x70 CMakeFiles/F411_Cmake.dir/Middlewares/ST/STM32_USB_Device_Library/Class/CDC/Src/usbd_cdc.c.obj
 .text.USBD_CDC_GetHSCfgDesc
                0x080082d8       0x70 CMakeFiles/F411_Cmake.dir/Middlewares/ST/STM32_USB_Device_Library/Class/CDC/Src/usbd_cdc.c.obj
 .text.USBD_CDC_GetOtherSpeedCfgDesc
                0x08008348       0x70 CMakeFiles/F411_Cmake.dir/Middlewares/ST/STM32_USB_Device_Library/Class/CDC/Src/usbd_cdc.c.obj
 .text.USBD_CDC_GetDeviceQualifierDescriptor
                0x080083b8       0x20 CMakeFiles/F411_Cmake.dir/Middlewares/ST/STM32_USB_Device_Library/Class/CDC/Src/usbd_cdc.c.obj
                0x080083b8                USBD_CDC_GetDeviceQualifierDescriptor
 .text.USBD_CDC_RegisterInterface
                0x080083d8       0x34 CMakeFiles/F411_Cmake.dir/Middlewares/ST/STM32_USB_Device_Library/Class/CDC/Src/usbd_cdc.c.obj
                0x080083d8                USBD_CDC_RegisterInterface
 .text.USBD_CDC_SetTxBuffer
                0x0800840c       0x44 CMakeFiles/F411_Cmake.dir/Middlewares/ST/STM32_USB_Device_Library/Class/CDC/Src/usbd_cdc.c.obj
                0x0800840c                USBD_CDC_SetTxBuffer
 .text.USBD_CDC_SetRxBuffer
                0x08008450       0x3a CMakeFiles/F411_Cmake.dir/Middlewares/ST/STM32_USB_Device_Library/Class/CDC/Src/usbd_cdc.c.obj
                0x08008450                USBD_CDC_SetRxBuffer
 *fill*         0x0800848a        0x2 
 .text.USBD_CDC_TransmitPacket
                0x0800848c       0x80 CMakeFiles/F411_Cmake.dir/Middlewares/ST/STM32_USB_Device_Library/Class/CDC/Src/usbd_cdc.c.obj
                0x0800848c                USBD_CDC_TransmitPacket
 .text.USBD_CDC_ReceivePacket
                0x0800850c       0x6c CMakeFiles/F411_Cmake.dir/Middlewares/ST/STM32_USB_Device_Library/Class/CDC/Src/usbd_cdc.c.obj
                0x0800850c                USBD_CDC_ReceivePacket
 .text.Reset_Handler
                0x08008578       0x50 CMakeFiles/F411_Cmake.dir/startup_stm32f411xe.s.obj
                0x08008578                Reset_Handler
 .text.Default_Handler
                0x080085c8        0x2 CMakeFiles/F411_Cmake.dir/startup_stm32f411xe.s.obj
                0x080085c8                RTC_Alarm_IRQHandler
                0x080085c8                EXTI2_IRQHandler
                0x080085c8                SPI4_IRQHandler
                0x080085c8                TIM1_CC_IRQHandler
                0x080085c8                DMA2_Stream5_IRQHandler
                0x080085c8                DMA1_Stream5_IRQHandler
                0x080085c8                PVD_IRQHandler
                0x080085c8                SDIO_IRQHandler
                0x080085c8                TAMP_STAMP_IRQHandler
                0x080085c8                EXTI3_IRQHandler
                0x080085c8                TIM1_UP_TIM10_IRQHandler
                0x080085c8                I2C3_ER_IRQHandler
                0x080085c8                EXTI0_IRQHandler
                0x080085c8                I2C2_EV_IRQHandler
                0x080085c8                DMA1_Stream2_IRQHandler
                0x080085c8                FPU_IRQHandler
                0x080085c8                DMA2_Stream2_IRQHandler
                0x080085c8                SPI1_IRQHandler
                0x080085c8                TIM1_BRK_TIM9_IRQHandler
                0x080085c8                DMA2_Stream3_IRQHandler
                0x080085c8                USART6_IRQHandler
                0x080085c8                DMA2_Stream0_IRQHandler
                0x080085c8                TIM4_IRQHandler
                0x080085c8                I2C1_EV_IRQHandler
                0x080085c8                DMA1_Stream6_IRQHandler
                0x080085c8                DMA1_Stream1_IRQHandler
                0x080085c8                TIM3_IRQHandler
                0x080085c8                RCC_IRQHandler
                0x080085c8                Default_Handler
                0x080085c8                EXTI15_10_IRQHandler
                0x080085c8                ADC_IRQHandler
                0x080085c8                DMA1_Stream7_IRQHandler
                0x080085c8                SPI5_IRQHandler
                0x080085c8                TIM5_IRQHandler
                0x080085c8                I2C3_EV_IRQHandler
                0x080085c8                EXTI9_5_IRQHandler
                0x080085c8                RTC_WKUP_IRQHandler
                0x080085c8                SPI2_IRQHandler
                0x080085c8                DMA1_Stream0_IRQHandler
                0x080085c8                EXTI4_IRQHandler
                0x080085c8                WWDG_IRQHandler
                0x080085c8                TIM2_IRQHandler
                0x080085c8                OTG_FS_WKUP_IRQHandler
                0x080085c8                TIM1_TRG_COM_TIM11_IRQHandler
                0x080085c8                EXTI1_IRQHandler
                0x080085c8                USART2_IRQHandler
                0x080085c8                I2C2_ER_IRQHandler
                0x080085c8                DMA2_Stream1_IRQHandler
                0x080085c8                FLASH_IRQHandler
                0x080085c8                DMA2_Stream4_IRQHandler
                0x080085c8                SPI3_IRQHandler
                0x080085c8                DMA1_Stream4_IRQHandler
                0x080085c8                I2C1_ER_IRQHandler
                0x080085c8                DMA2_Stream6_IRQHandler
                0x080085c8                DMA1_Stream3_IRQHandler
 .text.RingBuffer_Init
                0x080085ca       0x32 CMakeFiles/F411_Cmake.dir/APP/src/ring_buffer.c.obj
                0x080085ca                RingBuffer_Init
 .text.RingBuffer_IsEmpty
                0x080085fc       0x26 CMakeFiles/F411_Cmake.dir/APP/src/ring_buffer.c.obj
                0x080085fc                RingBuffer_IsEmpty
 .text.RingBuffer_IsFull
                0x08008622       0x28 CMakeFiles/F411_Cmake.dir/APP/src/ring_buffer.c.obj
                0x08008622                RingBuffer_IsFull
 .text.RingBuffer_Put
                0x0800864a       0x6c CMakeFiles/F411_Cmake.dir/APP/src/ring_buffer.c.obj
                0x0800864a                RingBuffer_Put
 .text.RingBuffer_Get
                0x080086b6       0x6c CMakeFiles/F411_Cmake.dir/APP/src/ring_buffer.c.obj
                0x080086b6                RingBuffer_Get
 *fill*         0x08008722        0x2 
 .text.__udivmoddi4
                0x08008724      0x2c8 d:/program files (x86)/arm gnu toolchain arm-none-eabi/11.3 rel1/bin/../lib/gcc/arm-none-eabi/11.3.1/thumb/v7e-m+fp/hard\libgcc.a(_udivmoddi4.o)
                0x08008724                __udivmoddi4
 *(.glue_7)
 .glue_7        0x080089ec        0x0 linker stubs
 *(.glue_7t)
 .glue_7t       0x080089ec        0x0 linker stubs
 *(.eh_frame)
 .eh_frame      0x080089ec        0x0 d:/program files (x86)/arm gnu toolchain arm-none-eabi/11.3 rel1/bin/../lib/gcc/arm-none-eabi/11.3.1/thumb/v7e-m+fp/hard/crtbegin.o
 *(.init)
 .init          0x080089ec        0x4 d:/program files (x86)/arm gnu toolchain arm-none-eabi/11.3 rel1/bin/../lib/gcc/arm-none-eabi/11.3.1/thumb/v7e-m+fp/hard/crti.o
                0x080089ec                _init
 .init          0x080089f0        0x8 d:/program files (x86)/arm gnu toolchain arm-none-eabi/11.3 rel1/bin/../lib/gcc/arm-none-eabi/11.3.1/thumb/v7e-m+fp/hard/crtn.o
 *(.fini)
 .fini          0x080089f8        0x4 d:/program files (x86)/arm gnu toolchain arm-none-eabi/11.3 rel1/bin/../lib/gcc/arm-none-eabi/11.3.1/thumb/v7e-m+fp/hard/crti.o
                0x080089f8                _fini
 .fini          0x080089fc        0x8 d:/program files (x86)/arm gnu toolchain arm-none-eabi/11.3 rel1/bin/../lib/gcc/arm-none-eabi/11.3.1/thumb/v7e-m+fp/hard/crtn.o
                0x08008a04                . = ALIGN (0x4)
                0x08008a04                _etext = .

.vfp11_veneer   0x08008a04        0x0
 .vfp11_veneer  0x08008a04        0x0 linker stubs

.v4_bx          0x08008a04        0x0
 .v4_bx         0x08008a04        0x0 linker stubs

.iplt           0x08008a04        0x0
 .iplt          0x08008a04        0x0 d:/program files (x86)/arm gnu toolchain arm-none-eabi/11.3 rel1/bin/../lib/gcc/arm-none-eabi/11.3.1/thumb/v7e-m+fp/hard/crtbegin.o

.rodata         0x08008a04       0x44
                0x08008a04                . = ALIGN (0x4)
 *(.rodata)
 .rodata        0x08008a04       0x22 CMakeFiles/F411_Cmake.dir/USB_DEVICE/App/usbd_desc.c.obj
 *(.rodata*)
 *fill*         0x08008a26        0x2 
 .rodata.flagBitshiftOffset.0
                0x08008a28        0x8 CMakeFiles/F411_Cmake.dir/Drivers/STM32F4xx_HAL_Driver/Src/stm32f4xx_hal_dma.c.obj
 .rodata.AHBPrescTable
                0x08008a30       0x10 CMakeFiles/F411_Cmake.dir/Core/Src/system_stm32f4xx.c.obj
                0x08008a30                AHBPrescTable
 .rodata.APBPrescTable
                0x08008a40        0x8 CMakeFiles/F411_Cmake.dir/Core/Src/system_stm32f4xx.c.obj
                0x08008a40                APBPrescTable
                0x08008a48                . = ALIGN (0x4)

.ARM.extab
 *(.ARM.extab* .gnu.linkonce.armextab.*)

.ARM            0x08008a48        0x8
                0x08008a48                __exidx_start = .
 *(.ARM.exidx*)
 .ARM.exidx.text.__udivmoddi4
                0x08008a48        0x8 d:/program files (x86)/arm gnu toolchain arm-none-eabi/11.3 rel1/bin/../lib/gcc/arm-none-eabi/11.3.1/thumb/v7e-m+fp/hard\libgcc.a(_udivmoddi4.o)
                0x08008a50                __exidx_end = .

.rel.dyn        0x08008a50        0x0
 .rel.iplt      0x08008a50        0x0 d:/program files (x86)/arm gnu toolchain arm-none-eabi/11.3 rel1/bin/../lib/gcc/arm-none-eabi/11.3.1/thumb/v7e-m+fp/hard/crtbegin.o

.preinit_array  0x08008a50        0x0
                0x08008a50                PROVIDE (__preinit_array_start = .)
 *(.preinit_array*)
                0x08008a50                PROVIDE (__preinit_array_end = .)

.init_array     0x08008a50        0x4
                0x08008a50                PROVIDE (__init_array_start = .)
 *(SORT_BY_NAME(.init_array.*))
 *(.init_array*)
 .init_array    0x08008a50        0x4 d:/program files (x86)/arm gnu toolchain arm-none-eabi/11.3 rel1/bin/../lib/gcc/arm-none-eabi/11.3.1/thumb/v7e-m+fp/hard/crtbegin.o
                0x08008a54                PROVIDE (__init_array_end = .)

.fini_array     0x08008a54        0x4
                [!provide]                PROVIDE (__fini_array_start = .)
 *(SORT_BY_NAME(.fini_array.*))
 *(.fini_array*)
 .fini_array    0x08008a54        0x4 d:/program files (x86)/arm gnu toolchain arm-none-eabi/11.3 rel1/bin/../lib/gcc/arm-none-eabi/11.3.1/thumb/v7e-m+fp/hard/crtbegin.o
                [!provide]                PROVIDE (__fini_array_end = .)
                0x08008a58                _sidata = LOADADDR (.data)

.data           0x20000000      0x100 load address 0x08008a58
                0x20000000                . = ALIGN (0x4)
                0x20000000                _sdata = .
 *(.data)
 *(.data*)
 .data.FS_Desc  0x20000000       0x1c CMakeFiles/F411_Cmake.dir/USB_DEVICE/App/usbd_desc.c.obj
                0x20000000                FS_Desc
 .data.USBD_FS_DeviceDesc
                0x2000001c       0x12 CMakeFiles/F411_Cmake.dir/USB_DEVICE/App/usbd_desc.c.obj
                0x2000001c                USBD_FS_DeviceDesc
 *fill*         0x2000002e        0x2 
 .data.USBD_LangIDDesc
                0x20000030        0x4 CMakeFiles/F411_Cmake.dir/USB_DEVICE/App/usbd_desc.c.obj
                0x20000030                USBD_LangIDDesc
 .data.USBD_StringSerial
                0x20000034       0x1a CMakeFiles/F411_Cmake.dir/USB_DEVICE/App/usbd_desc.c.obj
                0x20000034                USBD_StringSerial
 *fill*         0x2000004e        0x2 
 .data.USBD_Interface_fops_FS
                0x20000050       0x14 CMakeFiles/F411_Cmake.dir/USB_DEVICE/App/usbd_cdc_if.c.obj
                0x20000050                USBD_Interface_fops_FS
 .data.gUSBXferCpltFlag
                0x20000064        0x1 CMakeFiles/F411_Cmake.dir/USB_DEVICE/App/usbd_cdc_if.c.obj
                0x20000064                gUSBXferCpltFlag
 *fill*         0x20000065        0x3 
 .data.uwTickPrio
                0x20000068        0x4 CMakeFiles/F411_Cmake.dir/Drivers/STM32F4xx_HAL_Driver/Src/stm32f4xx_hal.c.obj
                0x20000068                uwTickPrio
 .data.uwTickFreq
                0x2000006c        0x1 CMakeFiles/F411_Cmake.dir/Drivers/STM32F4xx_HAL_Driver/Src/stm32f4xx_hal.c.obj
                0x2000006c                uwTickFreq
 *fill*         0x2000006d        0x3 
 .data.SystemCoreClock
                0x20000070        0x4 CMakeFiles/F411_Cmake.dir/Core/Src/system_stm32f4xx.c.obj
                0x20000070                SystemCoreClock
 .data.USBD_CDC_DeviceQualifierDesc
                0x20000074        0xa CMakeFiles/F411_Cmake.dir/Middlewares/ST/STM32_USB_Device_Library/Class/CDC/Src/usbd_cdc.c.obj
 *fill*         0x2000007e        0x2 
 .data.USBD_CDC
                0x20000080       0x38 CMakeFiles/F411_Cmake.dir/Middlewares/ST/STM32_USB_Device_Library/Class/CDC/Src/usbd_cdc.c.obj
                0x20000080                USBD_CDC
 .data.USBD_CDC_CfgDesc
                0x200000b8       0x43 CMakeFiles/F411_Cmake.dir/Middlewares/ST/STM32_USB_Device_Library/Class/CDC/Src/usbd_cdc.c.obj
 .data.CDCInEpAdd
                0x200000fb        0x1 CMakeFiles/F411_Cmake.dir/Middlewares/ST/STM32_USB_Device_Library/Class/CDC/Src/usbd_cdc.c.obj
 .data.CDCOutEpAdd
                0x200000fc        0x1 CMakeFiles/F411_Cmake.dir/Middlewares/ST/STM32_USB_Device_Library/Class/CDC/Src/usbd_cdc.c.obj
 .data.CDCCmdEpAdd
                0x200000fd        0x1 CMakeFiles/F411_Cmake.dir/Middlewares/ST/STM32_USB_Device_Library/Class/CDC/Src/usbd_cdc.c.obj
                0x20000100                . = ALIGN (0x4)
 *fill*         0x200000fe        0x2 
                0x20000100                _edata = .

.tm_clone_table
                0x20000100        0x0 load address 0x08008b58
 .tm_clone_table
                0x20000100        0x0 d:/program files (x86)/arm gnu toolchain arm-none-eabi/11.3 rel1/bin/../lib/gcc/arm-none-eabi/11.3.1/thumb/v7e-m+fp/hard/crtbegin.o
 .tm_clone_table
                0x20000100        0x0 d:/program files (x86)/arm gnu toolchain arm-none-eabi/11.3 rel1/bin/../lib/gcc/arm-none-eabi/11.3.1/thumb/v7e-m+fp/hard/crtend.o

.igot.plt       0x20000100        0x0 load address 0x08008b58
 .igot.plt      0x20000100        0x0 d:/program files (x86)/arm gnu toolchain arm-none-eabi/11.3 rel1/bin/../lib/gcc/arm-none-eabi/11.3.1/thumb/v7e-m+fp/hard/crtbegin.o
                0x20000100                . = ALIGN (0x4)

.bss            0x20000100     0x2cb4 load address 0x08008b58
                0x20000100                _sbss = .
                0x20000100                __bss_start__ = _sbss
 *(.bss)
 *(.bss*)
 .bss.completed.1
                0x20000100        0x1 d:/program files (x86)/arm gnu toolchain arm-none-eabi/11.3 rel1/bin/../lib/gcc/arm-none-eabi/11.3.1/thumb/v7e-m+fp/hard/crtbegin.o
 *fill*         0x20000101        0x3 
 .bss.object.0  0x20000104       0x18 d:/program files (x86)/arm gnu toolchain arm-none-eabi/11.3 rel1/bin/../lib/gcc/arm-none-eabi/11.3.1/thumb/v7e-m+fp/hard/crtbegin.o
 .bss.gRingBuffer
                0x2000011c     0x1006 CMakeFiles/F411_Cmake.dir/Core/Src/main.c.obj
                0x2000011c                gRingBuffer
 .bss.gRxDataByte
                0x20001122        0x1 CMakeFiles/F411_Cmake.dir/Core/Src/main.c.obj
                0x20001122                gRxDataByte
 *fill*         0x20001123        0x1 
 .bss.huart1    0x20001124       0x48 CMakeFiles/F411_Cmake.dir/Core/Src/usart.c.obj
                0x20001124                huart1
 .bss.hdma_usart1_tx
                0x2000116c       0x60 CMakeFiles/F411_Cmake.dir/Core/Src/usart.c.obj
                0x2000116c                hdma_usart1_tx
 .bss.hUsbDeviceFS
                0x200011cc      0x2dc CMakeFiles/F411_Cmake.dir/USB_DEVICE/App/usb_device.c.obj
                0x200011cc                hUsbDeviceFS
 .bss.USBD_StrDesc
                0x200014a8      0x200 CMakeFiles/F411_Cmake.dir/USB_DEVICE/App/usbd_desc.c.obj
                0x200014a8                USBD_StrDesc
 .bss.UserRxBufferFS
                0x200016a8      0x800 CMakeFiles/F411_Cmake.dir/USB_DEVICE/App/usbd_cdc_if.c.obj
                0x200016a8                UserRxBufferFS
 .bss.UserTxBufferFS
                0x20001ea8      0x800 CMakeFiles/F411_Cmake.dir/USB_DEVICE/App/usbd_cdc_if.c.obj
                0x20001ea8                UserTxBufferFS
 .bss.hpcd_USB_OTG_FS
                0x200026a8      0x4e4 CMakeFiles/F411_Cmake.dir/USB_DEVICE/Target/usbd_conf.c.obj
                0x200026a8                hpcd_USB_OTG_FS
 .bss.mem.0     0x20002b8c      0x220 CMakeFiles/F411_Cmake.dir/USB_DEVICE/Target/usbd_conf.c.obj
 .bss.uwTick    0x20002dac        0x4 CMakeFiles/F411_Cmake.dir/Drivers/STM32F4xx_HAL_Driver/Src/stm32f4xx_hal.c.obj
                0x20002dac                uwTick
 .bss.cfgidx.0  0x20002db0        0x1 CMakeFiles/F411_Cmake.dir/Middlewares/ST/STM32_USB_Device_Library/Core/Src/usbd_ctlreq.c.obj
 *(COMMON)
                0x20002db4                . = ALIGN (0x4)
 *fill*         0x20002db1        0x3 
                0x20002db4                _ebss = .
                0x20002db4                __bss_end__ = _ebss

._user_heap_stack
                0x20002db4      0x604 load address 0x08008b58
                0x20002db8                . = ALIGN (0x8)
 *fill*         0x20002db4        0x4 
                [!provide]                PROVIDE (end = .)
                0x20002db8                PROVIDE (_end = .)
                0x20002fb8                . = (. + _Min_Heap_Size)
 *fill*         0x20002db8      0x200 
                0x200033b8                . = (. + _Min_Stack_Size)
 *fill*         0x20002fb8      0x400 
                0x200033b8                . = ALIGN (0x8)

/DISCARD/
 libc.a(*)
 libm.a(*)
 libgcc.a(*)
OUTPUT(F411_Cmake.elf elf32-littlearm)
LOAD linker stubs
LOAD d:/program files (x86)/arm gnu toolchain arm-none-eabi/11.3 rel1/bin/../lib/gcc/arm-none-eabi/11.3.1/thumb/v7e-m+fp/hard\libc.a
LOAD d:/program files (x86)/arm gnu toolchain arm-none-eabi/11.3 rel1/bin/../lib/gcc/arm-none-eabi/11.3.1/thumb/v7e-m+fp/hard\libm.a
LOAD d:/program files (x86)/arm gnu toolchain arm-none-eabi/11.3 rel1/bin/../lib/gcc/arm-none-eabi/11.3.1/thumb/v7e-m+fp/hard\libgcc.a

.ARM.attributes
                0x00000000       0x30
 .ARM.attributes
                0x00000000       0x1e d:/program files (x86)/arm gnu toolchain arm-none-eabi/11.3 rel1/bin/../lib/gcc/arm-none-eabi/11.3.1/thumb/v7e-m+fp/hard/crti.o
 .ARM.attributes
                0x0000001e       0x34 d:/program files (x86)/arm gnu toolchain arm-none-eabi/11.3 rel1/bin/../lib/gcc/arm-none-eabi/11.3.1/thumb/v7e-m+fp/hard/crtbegin.o
 .ARM.attributes
                0x00000052       0x34 d:/program files (x86)/arm gnu toolchain arm-none-eabi/11.3 rel1/bin/../lib/gcc/arm-none-eabi/11.3.1/thumb/v7e-m+fp/hard\libc_nano.a(libc_a-memset.o)
 .ARM.attributes
                0x00000086       0x34 d:/program files (x86)/arm gnu toolchain arm-none-eabi/11.3 rel1/bin/../lib/gcc/arm-none-eabi/11.3.1/thumb/v7e-m+fp/hard\libc_nano.a(libc_a-init.o)
 .ARM.attributes
                0x000000ba       0x34 CMakeFiles/F411_Cmake.dir/Core/Src/main.c.obj
 .ARM.attributes
                0x000000ee       0x34 CMakeFiles/F411_Cmake.dir/Core/Src/gpio.c.obj
 .ARM.attributes
                0x00000122       0x34 CMakeFiles/F411_Cmake.dir/Core/Src/dma.c.obj
 .ARM.attributes
                0x00000156       0x34 CMakeFiles/F411_Cmake.dir/Core/Src/usart.c.obj
 .ARM.attributes
                0x0000018a       0x34 CMakeFiles/F411_Cmake.dir/Core/Src/stm32f4xx_it.c.obj
 .ARM.attributes
                0x000001be       0x34 CMakeFiles/F411_Cmake.dir/Core/Src/stm32f4xx_hal_msp.c.obj
 .ARM.attributes
                0x000001f2       0x34 CMakeFiles/F411_Cmake.dir/USB_DEVICE/App/usb_device.c.obj
 .ARM.attributes
                0x00000226       0x34 CMakeFiles/F411_Cmake.dir/USB_DEVICE/App/usbd_desc.c.obj
 .ARM.attributes
                0x0000025a       0x34 CMakeFiles/F411_Cmake.dir/USB_DEVICE/App/usbd_cdc_if.c.obj
 .ARM.attributes
                0x0000028e       0x34 CMakeFiles/F411_Cmake.dir/USB_DEVICE/Target/usbd_conf.c.obj
 .ARM.attributes
                0x000002c2       0x34 CMakeFiles/F411_Cmake.dir/Drivers/STM32F4xx_HAL_Driver/Src/stm32f4xx_hal_pcd.c.obj
 .ARM.attributes
                0x000002f6       0x34 CMakeFiles/F411_Cmake.dir/Drivers/STM32F4xx_HAL_Driver/Src/stm32f4xx_hal_pcd_ex.c.obj
 .ARM.attributes
                0x0000032a       0x34 CMakeFiles/F411_Cmake.dir/Drivers/STM32F4xx_HAL_Driver/Src/stm32f4xx_ll_usb.c.obj
 .ARM.attributes
                0x0000035e       0x34 CMakeFiles/F411_Cmake.dir/Drivers/STM32F4xx_HAL_Driver/Src/stm32f4xx_hal_rcc.c.obj
 .ARM.attributes
                0x00000392       0x34 CMakeFiles/F411_Cmake.dir/Drivers/STM32F4xx_HAL_Driver/Src/stm32f4xx_hal_gpio.c.obj
 .ARM.attributes
                0x000003c6       0x34 CMakeFiles/F411_Cmake.dir/Drivers/STM32F4xx_HAL_Driver/Src/stm32f4xx_hal_dma.c.obj
 .ARM.attributes
                0x000003fa       0x34 CMakeFiles/F411_Cmake.dir/Drivers/STM32F4xx_HAL_Driver/Src/stm32f4xx_hal_cortex.c.obj
 .ARM.attributes
                0x0000042e       0x34 CMakeFiles/F411_Cmake.dir/Drivers/STM32F4xx_HAL_Driver/Src/stm32f4xx_hal.c.obj
 .ARM.attributes
                0x00000462       0x34 CMakeFiles/F411_Cmake.dir/Drivers/STM32F4xx_HAL_Driver/Src/stm32f4xx_hal_uart.c.obj
 .ARM.attributes
                0x00000496       0x34 CMakeFiles/F411_Cmake.dir/Core/Src/system_stm32f4xx.c.obj
 .ARM.attributes
                0x000004ca       0x34 CMakeFiles/F411_Cmake.dir/Middlewares/ST/STM32_USB_Device_Library/Core/Src/usbd_core.c.obj
 .ARM.attributes
                0x000004fe       0x34 CMakeFiles/F411_Cmake.dir/Middlewares/ST/STM32_USB_Device_Library/Core/Src/usbd_ctlreq.c.obj
 .ARM.attributes
                0x00000532       0x34 CMakeFiles/F411_Cmake.dir/Middlewares/ST/STM32_USB_Device_Library/Core/Src/usbd_ioreq.c.obj
 .ARM.attributes
                0x00000566       0x34 CMakeFiles/F411_Cmake.dir/Middlewares/ST/STM32_USB_Device_Library/Class/CDC/Src/usbd_cdc.c.obj
 .ARM.attributes
                0x0000059a       0x21 CMakeFiles/F411_Cmake.dir/startup_stm32f411xe.s.obj
 .ARM.attributes
                0x000005bb       0x34 CMakeFiles/F411_Cmake.dir/APP/src/ring_buffer.c.obj
 .ARM.attributes
                0x000005ef       0x1e d:/program files (x86)/arm gnu toolchain arm-none-eabi/11.3 rel1/bin/../lib/gcc/arm-none-eabi/11.3.1/thumb/v7e-m+fp/hard\libgcc.a(_aeabi_uldivmod.o)
 .ARM.attributes
                0x0000060d       0x34 d:/program files (x86)/arm gnu toolchain arm-none-eabi/11.3 rel1/bin/../lib/gcc/arm-none-eabi/11.3.1/thumb/v7e-m+fp/hard\libgcc.a(_udivmoddi4.o)
 .ARM.attributes
                0x00000641       0x1e d:/program files (x86)/arm gnu toolchain arm-none-eabi/11.3 rel1/bin/../lib/gcc/arm-none-eabi/11.3.1/thumb/v7e-m+fp/hard\libgcc.a(_dvmd_tls.o)
 .ARM.attributes
                0x0000065f       0x34 d:/program files (x86)/arm gnu toolchain arm-none-eabi/11.3 rel1/bin/../lib/gcc/arm-none-eabi/11.3.1/thumb/v7e-m+fp/hard/crtend.o
 .ARM.attributes
                0x00000693       0x1e d:/program files (x86)/arm gnu toolchain arm-none-eabi/11.3 rel1/bin/../lib/gcc/arm-none-eabi/11.3.1/thumb/v7e-m+fp/hard/crtn.o

.comment        0x00000000       0x33
 .comment       0x00000000       0x33 d:/program files (x86)/arm gnu toolchain arm-none-eabi/11.3 rel1/bin/../lib/gcc/arm-none-eabi/11.3.1/thumb/v7e-m+fp/hard/crtbegin.o
                                 0x34 (size before relaxing)
 .comment       0x00000033       0x34 d:/program files (x86)/arm gnu toolchain arm-none-eabi/11.3 rel1/bin/../lib/gcc/arm-none-eabi/11.3.1/thumb/v7e-m+fp/hard\libc_nano.a(libc_a-memset.o)
 .comment       0x00000033       0x34 d:/program files (x86)/arm gnu toolchain arm-none-eabi/11.3 rel1/bin/../lib/gcc/arm-none-eabi/11.3.1/thumb/v7e-m+fp/hard\libc_nano.a(libc_a-init.o)
 .comment       0x00000033       0x34 CMakeFiles/F411_Cmake.dir/Core/Src/main.c.obj
 .comment       0x00000033       0x34 CMakeFiles/F411_Cmake.dir/Core/Src/gpio.c.obj
 .comment       0x00000033       0x34 CMakeFiles/F411_Cmake.dir/Core/Src/dma.c.obj
 .comment       0x00000033       0x34 CMakeFiles/F411_Cmake.dir/Core/Src/usart.c.obj
 .comment       0x00000033       0x34 CMakeFiles/F411_Cmake.dir/Core/Src/stm32f4xx_it.c.obj
 .comment       0x00000033       0x34 CMakeFiles/F411_Cmake.dir/Core/Src/stm32f4xx_hal_msp.c.obj
 .comment       0x00000033       0x34 CMakeFiles/F411_Cmake.dir/USB_DEVICE/App/usb_device.c.obj
 .comment       0x00000033       0x34 CMakeFiles/F411_Cmake.dir/USB_DEVICE/App/usbd_desc.c.obj
 .comment       0x00000033       0x34 CMakeFiles/F411_Cmake.dir/USB_DEVICE/App/usbd_cdc_if.c.obj
 .comment       0x00000033       0x34 CMakeFiles/F411_Cmake.dir/USB_DEVICE/Target/usbd_conf.c.obj
 .comment       0x00000033       0x34 CMakeFiles/F411_Cmake.dir/Drivers/STM32F4xx_HAL_Driver/Src/stm32f4xx_hal_pcd.c.obj
 .comment       0x00000033       0x34 CMakeFiles/F411_Cmake.dir/Drivers/STM32F4xx_HAL_Driver/Src/stm32f4xx_hal_pcd_ex.c.obj
 .comment       0x00000033       0x34 CMakeFiles/F411_Cmake.dir/Drivers/STM32F4xx_HAL_Driver/Src/stm32f4xx_ll_usb.c.obj
 .comment       0x00000033       0x34 CMakeFiles/F411_Cmake.dir/Drivers/STM32F4xx_HAL_Driver/Src/stm32f4xx_hal_rcc.c.obj
 .comment       0x00000033       0x34 CMakeFiles/F411_Cmake.dir/Drivers/STM32F4xx_HAL_Driver/Src/stm32f4xx_hal_gpio.c.obj
 .comment       0x00000033       0x34 CMakeFiles/F411_Cmake.dir/Drivers/STM32F4xx_HAL_Driver/Src/stm32f4xx_hal_dma.c.obj
 .comment       0x00000033       0x34 CMakeFiles/F411_Cmake.dir/Drivers/STM32F4xx_HAL_Driver/Src/stm32f4xx_hal_cortex.c.obj
 .comment       0x00000033       0x34 CMakeFiles/F411_Cmake.dir/Drivers/STM32F4xx_HAL_Driver/Src/stm32f4xx_hal.c.obj
 .comment       0x00000033       0x34 CMakeFiles/F411_Cmake.dir/Drivers/STM32F4xx_HAL_Driver/Src/stm32f4xx_hal_uart.c.obj
 .comment       0x00000033       0x34 CMakeFiles/F411_Cmake.dir/Core/Src/system_stm32f4xx.c.obj
 .comment       0x00000033       0x34 CMakeFiles/F411_Cmake.dir/Middlewares/ST/STM32_USB_Device_Library/Core/Src/usbd_core.c.obj
 .comment       0x00000033       0x34 CMakeFiles/F411_Cmake.dir/Middlewares/ST/STM32_USB_Device_Library/Core/Src/usbd_ctlreq.c.obj
 .comment       0x00000033       0x34 CMakeFiles/F411_Cmake.dir/Middlewares/ST/STM32_USB_Device_Library/Core/Src/usbd_ioreq.c.obj
 .comment       0x00000033       0x34 CMakeFiles/F411_Cmake.dir/Middlewares/ST/STM32_USB_Device_Library/Class/CDC/Src/usbd_cdc.c.obj
 .comment       0x00000033       0x34 CMakeFiles/F411_Cmake.dir/APP/src/ring_buffer.c.obj
 .comment       0x00000033       0x34 d:/program files (x86)/arm gnu toolchain arm-none-eabi/11.3 rel1/bin/../lib/gcc/arm-none-eabi/11.3.1/thumb/v7e-m+fp/hard\libgcc.a(_udivmoddi4.o)
 .comment       0x00000033       0x34 d:/program files (x86)/arm gnu toolchain arm-none-eabi/11.3 rel1/bin/../lib/gcc/arm-none-eabi/11.3.1/thumb/v7e-m+fp/hard/crtend.o

.debug_info     0x00000000    0x13eb1
 .debug_info    0x00000000       0xe0 d:/program files (x86)/arm gnu toolchain arm-none-eabi/11.3 rel1/bin/../lib/gcc/arm-none-eabi/11.3.1/thumb/v7e-m+fp/hard\libc_nano.a(libc_a-memset.o)
 .debug_info    0x000000e0      0x10b d:/program files (x86)/arm gnu toolchain arm-none-eabi/11.3 rel1/bin/../lib/gcc/arm-none-eabi/11.3.1/thumb/v7e-m+fp/hard\libc_nano.a(libc_a-init.o)
 .debug_info    0x000001eb     0x10b1 CMakeFiles/F411_Cmake.dir/Core/Src/main.c.obj
 .debug_info    0x0000129c      0x417 CMakeFiles/F411_Cmake.dir/Core/Src/gpio.c.obj
 .debug_info    0x000016b3      0x445 CMakeFiles/F411_Cmake.dir/Core/Src/dma.c.obj
 .debug_info    0x00001af8      0xb6f CMakeFiles/F411_Cmake.dir/Core/Src/usart.c.obj
 .debug_info    0x00002667      0xb0c CMakeFiles/F411_Cmake.dir/Core/Src/stm32f4xx_it.c.obj
 .debug_info    0x00003173      0x291 CMakeFiles/F411_Cmake.dir/Core/Src/stm32f4xx_hal_msp.c.obj
 .debug_info    0x00003404      0x701 CMakeFiles/F411_Cmake.dir/USB_DEVICE/App/usb_device.c.obj
 .debug_info    0x00003b05      0x458 CMakeFiles/F411_Cmake.dir/USB_DEVICE/App/usbd_desc.c.obj
 .debug_info    0x00003f5d      0xe30 CMakeFiles/F411_Cmake.dir/USB_DEVICE/App/usbd_cdc_if.c.obj
 .debug_info    0x00004d8d     0x1c05 CMakeFiles/F411_Cmake.dir/USB_DEVICE/Target/usbd_conf.c.obj
 .debug_info    0x00006992     0x1577 CMakeFiles/F411_Cmake.dir/Drivers/STM32F4xx_HAL_Driver/Src/stm32f4xx_hal_pcd.c.obj
 .debug_info    0x00007f09      0x6ea CMakeFiles/F411_Cmake.dir/Drivers/STM32F4xx_HAL_Driver/Src/stm32f4xx_hal_pcd_ex.c.obj
 .debug_info    0x000085f3     0x1993 CMakeFiles/F411_Cmake.dir/Drivers/STM32F4xx_HAL_Driver/Src/stm32f4xx_ll_usb.c.obj
 .debug_info    0x00009f86      0x8f0 CMakeFiles/F411_Cmake.dir/Drivers/STM32F4xx_HAL_Driver/Src/stm32f4xx_hal_rcc.c.obj
 .debug_info    0x0000a876      0x6f9 CMakeFiles/F411_Cmake.dir/Drivers/STM32F4xx_HAL_Driver/Src/stm32f4xx_hal_gpio.c.obj
 .debug_info    0x0000af6f      0x8e6 CMakeFiles/F411_Cmake.dir/Drivers/STM32F4xx_HAL_Driver/Src/stm32f4xx_hal_dma.c.obj
 .debug_info    0x0000b855      0xcfc CMakeFiles/F411_Cmake.dir/Drivers/STM32F4xx_HAL_Driver/Src/stm32f4xx_hal_cortex.c.obj
 .debug_info    0x0000c551      0x8c4 CMakeFiles/F411_Cmake.dir/Drivers/STM32F4xx_HAL_Driver/Src/stm32f4xx_hal.c.obj
 .debug_info    0x0000ce15     0x2f56 CMakeFiles/F411_Cmake.dir/Drivers/STM32F4xx_HAL_Driver/Src/stm32f4xx_hal_uart.c.obj
 .debug_info    0x0000fd6b      0x53e CMakeFiles/F411_Cmake.dir/Core/Src/system_stm32f4xx.c.obj
 .debug_info    0x000102a9      0xe05 CMakeFiles/F411_Cmake.dir/Middlewares/ST/STM32_USB_Device_Library/Core/Src/usbd_core.c.obj
 .debug_info    0x000110ae      0xade CMakeFiles/F411_Cmake.dir/Middlewares/ST/STM32_USB_Device_Library/Core/Src/usbd_ctlreq.c.obj
 .debug_info    0x00011b8c      0x755 CMakeFiles/F411_Cmake.dir/Middlewares/ST/STM32_USB_Device_Library/Core/Src/usbd_ioreq.c.obj
 .debug_info    0x000122e1     0x12a3 CMakeFiles/F411_Cmake.dir/Middlewares/ST/STM32_USB_Device_Library/Class/CDC/Src/usbd_cdc.c.obj
 .debug_info    0x00013584       0x23 CMakeFiles/F411_Cmake.dir/startup_stm32f411xe.s.obj
 .debug_info    0x000135a7      0x1df CMakeFiles/F411_Cmake.dir/APP/src/ring_buffer.c.obj
 .debug_info    0x00013786       0x24 d:/program files (x86)/arm gnu toolchain arm-none-eabi/11.3 rel1/bin/../lib/gcc/arm-none-eabi/11.3.1/thumb/v7e-m+fp/hard\libgcc.a(_aeabi_uldivmod.o)
 .debug_info    0x000137aa      0x6e3 d:/program files (x86)/arm gnu toolchain arm-none-eabi/11.3 rel1/bin/../lib/gcc/arm-none-eabi/11.3.1/thumb/v7e-m+fp/hard\libgcc.a(_udivmoddi4.o)
 .debug_info    0x00013e8d       0x24 d:/program files (x86)/arm gnu toolchain arm-none-eabi/11.3 rel1/bin/../lib/gcc/arm-none-eabi/11.3.1/thumb/v7e-m+fp/hard\libgcc.a(_dvmd_tls.o)

.debug_abbrev   0x00000000     0x38be
 .debug_abbrev  0x00000000       0x9e d:/program files (x86)/arm gnu toolchain arm-none-eabi/11.3 rel1/bin/../lib/gcc/arm-none-eabi/11.3.1/thumb/v7e-m+fp/hard\libc_nano.a(libc_a-memset.o)
 .debug_abbrev  0x0000009e       0xc9 d:/program files (x86)/arm gnu toolchain arm-none-eabi/11.3 rel1/bin/../lib/gcc/arm-none-eabi/11.3.1/thumb/v7e-m+fp/hard\libc_nano.a(libc_a-init.o)
 .debug_abbrev  0x00000167      0x2e2 CMakeFiles/F411_Cmake.dir/Core/Src/main.c.obj
 .debug_abbrev  0x00000449      0x151 CMakeFiles/F411_Cmake.dir/Core/Src/gpio.c.obj
 .debug_abbrev  0x0000059a      0x10e CMakeFiles/F411_Cmake.dir/Core/Src/dma.c.obj
 .debug_abbrev  0x000006a8      0x21a CMakeFiles/F411_Cmake.dir/Core/Src/usart.c.obj
 .debug_abbrev  0x000008c2      0x1d9 CMakeFiles/F411_Cmake.dir/Core/Src/stm32f4xx_it.c.obj
 .debug_abbrev  0x00000a9b       0xd8 CMakeFiles/F411_Cmake.dir/Core/Src/stm32f4xx_hal_msp.c.obj
 .debug_abbrev  0x00000b73      0x195 CMakeFiles/F411_Cmake.dir/USB_DEVICE/App/usb_device.c.obj
 .debug_abbrev  0x00000d08      0x1e1 CMakeFiles/F411_Cmake.dir/USB_DEVICE/App/usbd_desc.c.obj
 .debug_abbrev  0x00000ee9      0x30c CMakeFiles/F411_Cmake.dir/USB_DEVICE/App/usbd_cdc_if.c.obj
 .debug_abbrev  0x000011f5      0x33f CMakeFiles/F411_Cmake.dir/USB_DEVICE/Target/usbd_conf.c.obj
 .debug_abbrev  0x00001534      0x2b6 CMakeFiles/F411_Cmake.dir/Drivers/STM32F4xx_HAL_Driver/Src/stm32f4xx_hal_pcd.c.obj
 .debug_abbrev  0x000017ea      0x1da CMakeFiles/F411_Cmake.dir/Drivers/STM32F4xx_HAL_Driver/Src/stm32f4xx_hal_pcd_ex.c.obj
 .debug_abbrev  0x000019c4      0x2b3 CMakeFiles/F411_Cmake.dir/Drivers/STM32F4xx_HAL_Driver/Src/stm32f4xx_ll_usb.c.obj
 .debug_abbrev  0x00001c77      0x2b6 CMakeFiles/F411_Cmake.dir/Drivers/STM32F4xx_HAL_Driver/Src/stm32f4xx_hal_rcc.c.obj
 .debug_abbrev  0x00001f2d      0x1d3 CMakeFiles/F411_Cmake.dir/Drivers/STM32F4xx_HAL_Driver/Src/stm32f4xx_hal_gpio.c.obj
 .debug_abbrev  0x00002100      0x221 CMakeFiles/F411_Cmake.dir/Drivers/STM32F4xx_HAL_Driver/Src/stm32f4xx_hal_dma.c.obj
 .debug_abbrev  0x00002321      0x31d CMakeFiles/F411_Cmake.dir/Drivers/STM32F4xx_HAL_Driver/Src/stm32f4xx_hal_cortex.c.obj
 .debug_abbrev  0x0000263e      0x24b CMakeFiles/F411_Cmake.dir/Drivers/STM32F4xx_HAL_Driver/Src/stm32f4xx_hal.c.obj
 .debug_abbrev  0x00002889      0x31b CMakeFiles/F411_Cmake.dir/Drivers/STM32F4xx_HAL_Driver/Src/stm32f4xx_hal_uart.c.obj
 .debug_abbrev  0x00002ba4      0x11a CMakeFiles/F411_Cmake.dir/Core/Src/system_stm32f4xx.c.obj
 .debug_abbrev  0x00002cbe      0x27c CMakeFiles/F411_Cmake.dir/Middlewares/ST/STM32_USB_Device_Library/Core/Src/usbd_core.c.obj
 .debug_abbrev  0x00002f3a      0x26f CMakeFiles/F411_Cmake.dir/Middlewares/ST/STM32_USB_Device_Library/Core/Src/usbd_ctlreq.c.obj
 .debug_abbrev  0x000031a9      0x19a CMakeFiles/F411_Cmake.dir/Middlewares/ST/STM32_USB_Device_Library/Core/Src/usbd_ioreq.c.obj
 .debug_abbrev  0x00003343      0x2d2 CMakeFiles/F411_Cmake.dir/Middlewares/ST/STM32_USB_Device_Library/Class/CDC/Src/usbd_cdc.c.obj
 .debug_abbrev  0x00003615       0x12 CMakeFiles/F411_Cmake.dir/startup_stm32f411xe.s.obj
 .debug_abbrev  0x00003627      0x105 CMakeFiles/F411_Cmake.dir/APP/src/ring_buffer.c.obj
 .debug_abbrev  0x0000372c       0x14 d:/program files (x86)/arm gnu toolchain arm-none-eabi/11.3 rel1/bin/../lib/gcc/arm-none-eabi/11.3.1/thumb/v7e-m+fp/hard\libgcc.a(_aeabi_uldivmod.o)
 .debug_abbrev  0x00003740      0x16a d:/program files (x86)/arm gnu toolchain arm-none-eabi/11.3 rel1/bin/../lib/gcc/arm-none-eabi/11.3.1/thumb/v7e-m+fp/hard\libgcc.a(_udivmoddi4.o)
 .debug_abbrev  0x000038aa       0x14 d:/program files (x86)/arm gnu toolchain arm-none-eabi/11.3 rel1/bin/../lib/gcc/arm-none-eabi/11.3.1/thumb/v7e-m+fp/hard\libgcc.a(_dvmd_tls.o)

.debug_loclists
                0x00000000      0xb9a
 .debug_loclists
                0x00000000       0x47 d:/program files (x86)/arm gnu toolchain arm-none-eabi/11.3 rel1/bin/../lib/gcc/arm-none-eabi/11.3.1/thumb/v7e-m+fp/hard\libc_nano.a(libc_a-memset.o)
 .debug_loclists
                0x00000047       0x44 d:/program files (x86)/arm gnu toolchain arm-none-eabi/11.3 rel1/bin/../lib/gcc/arm-none-eabi/11.3.1/thumb/v7e-m+fp/hard\libc_nano.a(libc_a-init.o)
 .debug_loclists
                0x0000008b      0xb0f d:/program files (x86)/arm gnu toolchain arm-none-eabi/11.3 rel1/bin/../lib/gcc/arm-none-eabi/11.3.1/thumb/v7e-m+fp/hard\libgcc.a(_udivmoddi4.o)

.debug_aranges  0x00000000      0xf50
 .debug_aranges
                0x00000000       0x20 d:/program files (x86)/arm gnu toolchain arm-none-eabi/11.3 rel1/bin/../lib/gcc/arm-none-eabi/11.3.1/thumb/v7e-m+fp/hard\libc_nano.a(libc_a-memset.o)
 .debug_aranges
                0x00000020       0x20 d:/program files (x86)/arm gnu toolchain arm-none-eabi/11.3 rel1/bin/../lib/gcc/arm-none-eabi/11.3.1/thumb/v7e-m+fp/hard\libc_nano.a(libc_a-init.o)
 .debug_aranges
                0x00000040       0x40 CMakeFiles/F411_Cmake.dir/Core/Src/main.c.obj
 .debug_aranges
                0x00000080       0x20 CMakeFiles/F411_Cmake.dir/Core/Src/gpio.c.obj
 .debug_aranges
                0x000000a0       0x20 CMakeFiles/F411_Cmake.dir/Core/Src/dma.c.obj
 .debug_aranges
                0x000000c0       0x30 CMakeFiles/F411_Cmake.dir/Core/Src/usart.c.obj
 .debug_aranges
                0x000000f0       0x78 CMakeFiles/F411_Cmake.dir/Core/Src/stm32f4xx_it.c.obj
 .debug_aranges
                0x00000168       0x20 CMakeFiles/F411_Cmake.dir/Core/Src/stm32f4xx_hal_msp.c.obj
 .debug_aranges
                0x00000188       0x20 CMakeFiles/F411_Cmake.dir/USB_DEVICE/App/usb_device.c.obj
 .debug_aranges
                0x000001a8       0x60 CMakeFiles/F411_Cmake.dir/USB_DEVICE/App/usbd_desc.c.obj
 .debug_aranges
                0x00000208       0x48 CMakeFiles/F411_Cmake.dir/USB_DEVICE/App/usbd_cdc_if.c.obj
 .debug_aranges
                0x00000250      0x110 CMakeFiles/F411_Cmake.dir/USB_DEVICE/Target/usbd_conf.c.obj
 .debug_aranges
                0x00000360      0x148 CMakeFiles/F411_Cmake.dir/Drivers/STM32F4xx_HAL_Driver/Src/stm32f4xx_hal_pcd.c.obj
 .debug_aranges
                0x000004a8       0x38 CMakeFiles/F411_Cmake.dir/Drivers/STM32F4xx_HAL_Driver/Src/stm32f4xx_hal_pcd_ex.c.obj
 .debug_aranges
                0x000004e0      0x1a0 CMakeFiles/F411_Cmake.dir/Drivers/STM32F4xx_HAL_Driver/Src/stm32f4xx_ll_usb.c.obj
 .debug_aranges
                0x00000680       0x88 CMakeFiles/F411_Cmake.dir/Drivers/STM32F4xx_HAL_Driver/Src/stm32f4xx_hal_rcc.c.obj
 .debug_aranges
                0x00000708       0x58 CMakeFiles/F411_Cmake.dir/Drivers/STM32F4xx_HAL_Driver/Src/stm32f4xx_hal_gpio.c.obj
 .debug_aranges
                0x00000760       0x90 CMakeFiles/F411_Cmake.dir/Drivers/STM32F4xx_HAL_Driver/Src/stm32f4xx_hal_dma.c.obj
 .debug_aranges
                0x000007f0      0x130 CMakeFiles/F411_Cmake.dir/Drivers/STM32F4xx_HAL_Driver/Src/stm32f4xx_hal_cortex.c.obj
 .debug_aranges
                0x00000920       0xf0 CMakeFiles/F411_Cmake.dir/Drivers/STM32F4xx_HAL_Driver/Src/stm32f4xx_hal.c.obj
 .debug_aranges
                0x00000a10      0x208 CMakeFiles/F411_Cmake.dir/Drivers/STM32F4xx_HAL_Driver/Src/stm32f4xx_hal_uart.c.obj
 .debug_aranges
                0x00000c18       0x28 CMakeFiles/F411_Cmake.dir/Core/Src/system_stm32f4xx.c.obj
 .debug_aranges
                0x00000c40       0xd8 CMakeFiles/F411_Cmake.dir/Middlewares/ST/STM32_USB_Device_Library/Core/Src/usbd_core.c.obj
 .debug_aranges
                0x00000d18       0x90 CMakeFiles/F411_Cmake.dir/Middlewares/ST/STM32_USB_Device_Library/Core/Src/usbd_ctlreq.c.obj
 .debug_aranges
                0x00000da8       0x50 CMakeFiles/F411_Cmake.dir/Middlewares/ST/STM32_USB_Device_Library/Core/Src/usbd_ioreq.c.obj
 .debug_aranges
                0x00000df8       0x90 CMakeFiles/F411_Cmake.dir/Middlewares/ST/STM32_USB_Device_Library/Class/CDC/Src/usbd_cdc.c.obj
 .debug_aranges
                0x00000e88       0x28 CMakeFiles/F411_Cmake.dir/startup_stm32f411xe.s.obj
 .debug_aranges
                0x00000eb0       0x40 CMakeFiles/F411_Cmake.dir/APP/src/ring_buffer.c.obj
 .debug_aranges
                0x00000ef0       0x20 d:/program files (x86)/arm gnu toolchain arm-none-eabi/11.3 rel1/bin/../lib/gcc/arm-none-eabi/11.3.1/thumb/v7e-m+fp/hard\libgcc.a(_aeabi_uldivmod.o)
 .debug_aranges
                0x00000f10       0x20 d:/program files (x86)/arm gnu toolchain arm-none-eabi/11.3 rel1/bin/../lib/gcc/arm-none-eabi/11.3.1/thumb/v7e-m+fp/hard\libgcc.a(_udivmoddi4.o)
 .debug_aranges
                0x00000f30       0x20 d:/program files (x86)/arm gnu toolchain arm-none-eabi/11.3 rel1/bin/../lib/gcc/arm-none-eabi/11.3.1/thumb/v7e-m+fp/hard\libgcc.a(_dvmd_tls.o)

.debug_rnglists
                0x00000000      0xbbc
 .debug_rnglists
                0x00000000       0x13 d:/program files (x86)/arm gnu toolchain arm-none-eabi/11.3 rel1/bin/../lib/gcc/arm-none-eabi/11.3.1/thumb/v7e-m+fp/hard\libc_nano.a(libc_a-memset.o)
 .debug_rnglists
                0x00000013       0x13 d:/program files (x86)/arm gnu toolchain arm-none-eabi/11.3 rel1/bin/../lib/gcc/arm-none-eabi/11.3.1/thumb/v7e-m+fp/hard\libc_nano.a(libc_a-init.o)
 .debug_rnglists
                0x00000026       0x2d CMakeFiles/F411_Cmake.dir/Core/Src/main.c.obj
 .debug_rnglists
                0x00000053       0x14 CMakeFiles/F411_Cmake.dir/Core/Src/gpio.c.obj
 .debug_rnglists
                0x00000067       0x13 CMakeFiles/F411_Cmake.dir/Core/Src/dma.c.obj
 .debug_rnglists
                0x0000007a       0x20 CMakeFiles/F411_Cmake.dir/Core/Src/usart.c.obj
 .debug_rnglists
                0x0000009a       0x55 CMakeFiles/F411_Cmake.dir/Core/Src/stm32f4xx_it.c.obj
 .debug_rnglists
                0x000000ef       0x13 CMakeFiles/F411_Cmake.dir/Core/Src/stm32f4xx_hal_msp.c.obj
 .debug_rnglists
                0x00000102       0x13 CMakeFiles/F411_Cmake.dir/USB_DEVICE/App/usb_device.c.obj
 .debug_rnglists
                0x00000115       0x43 CMakeFiles/F411_Cmake.dir/USB_DEVICE/App/usbd_desc.c.obj
 .debug_rnglists
                0x00000158       0x32 CMakeFiles/F411_Cmake.dir/USB_DEVICE/App/usbd_cdc_if.c.obj
 .debug_rnglists
                0x0000018a       0xc9 CMakeFiles/F411_Cmake.dir/USB_DEVICE/Target/usbd_conf.c.obj
 .debug_rnglists
                0x00000253       0xfa CMakeFiles/F411_Cmake.dir/Drivers/STM32F4xx_HAL_Driver/Src/stm32f4xx_hal_pcd.c.obj
 .debug_rnglists
                0x0000034d       0x26 CMakeFiles/F411_Cmake.dir/Drivers/STM32F4xx_HAL_Driver/Src/stm32f4xx_hal_pcd_ex.c.obj
 .debug_rnglists
                0x00000373      0x147 CMakeFiles/F411_Cmake.dir/Drivers/STM32F4xx_HAL_Driver/Src/stm32f4xx_ll_usb.c.obj
 .debug_rnglists
                0x000004ba       0x66 CMakeFiles/F411_Cmake.dir/Drivers/STM32F4xx_HAL_Driver/Src/stm32f4xx_hal_rcc.c.obj
 .debug_rnglists
                0x00000520       0x3f CMakeFiles/F411_Cmake.dir/Drivers/STM32F4xx_HAL_Driver/Src/stm32f4xx_hal_gpio.c.obj
 .debug_rnglists
                0x0000055f       0x70 CMakeFiles/F411_Cmake.dir/Drivers/STM32F4xx_HAL_Driver/Src/stm32f4xx_hal_dma.c.obj
 .debug_rnglists
                0x000005cf       0xe0 CMakeFiles/F411_Cmake.dir/Drivers/STM32F4xx_HAL_Driver/Src/stm32f4xx_hal_cortex.c.obj
 .debug_rnglists
                0x000006af       0xaf CMakeFiles/F411_Cmake.dir/Drivers/STM32F4xx_HAL_Driver/Src/stm32f4xx_hal.c.obj
 .debug_rnglists
                0x0000075e      0x1bc CMakeFiles/F411_Cmake.dir/Drivers/STM32F4xx_HAL_Driver/Src/stm32f4xx_hal_uart.c.obj
 .debug_rnglists
                0x0000091a       0x1a CMakeFiles/F411_Cmake.dir/Core/Src/system_stm32f4xx.c.obj
 .debug_rnglists
                0x00000934       0xa1 CMakeFiles/F411_Cmake.dir/Middlewares/ST/STM32_USB_Device_Library/Core/Src/usbd_core.c.obj
 .debug_rnglists
                0x000009d5       0x6e CMakeFiles/F411_Cmake.dir/Middlewares/ST/STM32_USB_Device_Library/Core/Src/usbd_ctlreq.c.obj
 .debug_rnglists
                0x00000a43       0x37 CMakeFiles/F411_Cmake.dir/Middlewares/ST/STM32_USB_Device_Library/Core/Src/usbd_ioreq.c.obj
 .debug_rnglists
                0x00000a7a       0x6c CMakeFiles/F411_Cmake.dir/Middlewares/ST/STM32_USB_Device_Library/Class/CDC/Src/usbd_cdc.c.obj
 .debug_rnglists
                0x00000ae6       0x19 CMakeFiles/F411_Cmake.dir/startup_stm32f411xe.s.obj
 .debug_rnglists
                0x00000aff       0x2b CMakeFiles/F411_Cmake.dir/APP/src/ring_buffer.c.obj
 .debug_rnglists
                0x00000b2a       0x92 d:/program files (x86)/arm gnu toolchain arm-none-eabi/11.3 rel1/bin/../lib/gcc/arm-none-eabi/11.3.1/thumb/v7e-m+fp/hard\libgcc.a(_udivmoddi4.o)

.debug_line     0x00000000    0x134b9
 .debug_line    0x00000000      0x176 d:/program files (x86)/arm gnu toolchain arm-none-eabi/11.3 rel1/bin/../lib/gcc/arm-none-eabi/11.3.1/thumb/v7e-m+fp/hard\libc_nano.a(libc_a-memset.o)
 .debug_line    0x00000176      0x17f d:/program files (x86)/arm gnu toolchain arm-none-eabi/11.3 rel1/bin/../lib/gcc/arm-none-eabi/11.3.1/thumb/v7e-m+fp/hard\libc_nano.a(libc_a-init.o)
 .debug_line    0x000002f5      0xa22 CMakeFiles/F411_Cmake.dir/Core/Src/main.c.obj
 .debug_line    0x00000d17      0x664 CMakeFiles/F411_Cmake.dir/Core/Src/gpio.c.obj
 .debug_line    0x0000137b      0x651 CMakeFiles/F411_Cmake.dir/Core/Src/dma.c.obj
 .debug_line    0x000019cc      0x6e9 CMakeFiles/F411_Cmake.dir/Core/Src/usart.c.obj
 .debug_line    0x000020b5      0x760 CMakeFiles/F411_Cmake.dir/Core/Src/stm32f4xx_it.c.obj
 .debug_line    0x00002815      0x655 CMakeFiles/F411_Cmake.dir/Core/Src/stm32f4xx_hal_msp.c.obj
 .debug_line    0x00002e6a      0x8cd CMakeFiles/F411_Cmake.dir/USB_DEVICE/App/usb_device.c.obj
 .debug_line    0x00003737      0x972 CMakeFiles/F411_Cmake.dir/USB_DEVICE/App/usbd_desc.c.obj
 .debug_line    0x000040a9      0x940 CMakeFiles/F411_Cmake.dir/USB_DEVICE/App/usbd_cdc_if.c.obj
 .debug_line    0x000049e9      0xc85 CMakeFiles/F411_Cmake.dir/USB_DEVICE/Target/usbd_conf.c.obj
 .debug_line    0x0000566e     0x13ce CMakeFiles/F411_Cmake.dir/Drivers/STM32F4xx_HAL_Driver/Src/stm32f4xx_hal_pcd.c.obj
 .debug_line    0x00006a3c      0x720 CMakeFiles/F411_Cmake.dir/Drivers/STM32F4xx_HAL_Driver/Src/stm32f4xx_hal_pcd_ex.c.obj
 .debug_line    0x0000715c     0x1abb CMakeFiles/F411_Cmake.dir/Drivers/STM32F4xx_HAL_Driver/Src/stm32f4xx_ll_usb.c.obj
 .debug_line    0x00008c17      0xccc CMakeFiles/F411_Cmake.dir/Drivers/STM32F4xx_HAL_Driver/Src/stm32f4xx_hal_rcc.c.obj
 .debug_line    0x000098e3      0xa75 CMakeFiles/F411_Cmake.dir/Drivers/STM32F4xx_HAL_Driver/Src/stm32f4xx_hal_gpio.c.obj
 .debug_line    0x0000a358      0xea1 CMakeFiles/F411_Cmake.dir/Drivers/STM32F4xx_HAL_Driver/Src/stm32f4xx_hal_dma.c.obj
 .debug_line    0x0000b1f9      0xc37 CMakeFiles/F411_Cmake.dir/Drivers/STM32F4xx_HAL_Driver/Src/stm32f4xx_hal_cortex.c.obj
 .debug_line    0x0000be30      0x93d CMakeFiles/F411_Cmake.dir/Drivers/STM32F4xx_HAL_Driver/Src/stm32f4xx_hal.c.obj
 .debug_line    0x0000c76d     0x27fa CMakeFiles/F411_Cmake.dir/Drivers/STM32F4xx_HAL_Driver/Src/stm32f4xx_hal_uart.c.obj
 .debug_line    0x0000ef67      0x6d7 CMakeFiles/F411_Cmake.dir/Core/Src/system_stm32f4xx.c.obj
 .debug_line    0x0000f63e      0xdd6 CMakeFiles/F411_Cmake.dir/Middlewares/ST/STM32_USB_Device_Library/Core/Src/usbd_core.c.obj
 .debug_line    0x00010414      0xffa CMakeFiles/F411_Cmake.dir/Middlewares/ST/STM32_USB_Device_Library/Core/Src/usbd_ctlreq.c.obj
 .debug_line    0x0001140e      0x8ed CMakeFiles/F411_Cmake.dir/Middlewares/ST/STM32_USB_Device_Library/Core/Src/usbd_ioreq.c.obj
 .debug_line    0x00011cfb      0xd7d CMakeFiles/F411_Cmake.dir/Middlewares/ST/STM32_USB_Device_Library/Class/CDC/Src/usbd_cdc.c.obj
 .debug_line    0x00012a78       0x7a CMakeFiles/F411_Cmake.dir/startup_stm32f411xe.s.obj
 .debug_line    0x00012af2      0x34a CMakeFiles/F411_Cmake.dir/APP/src/ring_buffer.c.obj
 .debug_line    0x00012e3c       0x4e d:/program files (x86)/arm gnu toolchain arm-none-eabi/11.3 rel1/bin/../lib/gcc/arm-none-eabi/11.3.1/thumb/v7e-m+fp/hard\libgcc.a(_aeabi_uldivmod.o)
 .debug_line    0x00012e8a      0x5e5 d:/program files (x86)/arm gnu toolchain arm-none-eabi/11.3 rel1/bin/../lib/gcc/arm-none-eabi/11.3.1/thumb/v7e-m+fp/hard\libgcc.a(_udivmoddi4.o)
 .debug_line    0x0001346f       0x4a d:/program files (x86)/arm gnu toolchain arm-none-eabi/11.3 rel1/bin/../lib/gcc/arm-none-eabi/11.3.1/thumb/v7e-m+fp/hard\libgcc.a(_dvmd_tls.o)

.debug_str      0x00000000    0x8a2df